$ vitest run --config vitest.config.mts "catalog-category-management.integration.test.ts" "catalog-item-lifecycle.integration.test.ts" "catalog-lifecycle.e2e.test.ts" "category-lifecycle.integration.test.ts"

 RUN  v4.1.11 C:/Users/tobib/OneDrive/Escritorio/Uco Digital/UcoGestion/apps/api

{"level":30,"time":"2026-10-10T17:38:45.505Z","component":"api","duration_ms":590.7053999999989,"method":"POST","path":"/api/v1/auth/login","request_id":"55418bc9-d830-4a62-8cad-4894668a3976","status_code":204,"trace_id":"500fdd083ed2e17c54e12ee65711904e","msg":"http request completed"}
{"level":30,"time":"2026-10-10T17:38:45.543Z","component":"api","duration_ms":22.863600000000588,"method":"GET","path":"/api/v1/auth/csrf","request_id":"ebd1e003-6e67-4fd5-b99c-e6a8754243a7","status_code":200,"trace_id":"34b27a62044ad32e76278cbab47985d1","msg":"http request completed"}
{"level":30,"time":"2026-10-10T17:38:45.634Z","component":"api","duration_ms":82.95839999999953,"method":"GET","path":"/api/v1/catalog/categories","request_id":"cb05d867-3aee-4924-a6d5-5bd0f3b9e416","status_code":200,"trace_id":"e743a260b3b5be1eb22daba7c11c78b3","msg":"http request completed"}
{"level":30,"time":"2026-10-10T17:38:45.749Z","component":"api","duration_ms":89.04019999999946,"method":"POST","path":"/api/v1/catalog/categories","request_id":"9845fc6d-b3e2-4da4-a7d1-0928b8643bc8","status_code":201,"trace_id":"548c51a04b656e62e600444b06aa5670","msg":"http request completed"}
{"level":30,"time":"2026-10-10T17:38:45.814Z","component":"api","duration_ms":56.29460000000108,"method":"POST","path":"/api/v1/catalog/categories","request_id":"ca46c09f-ed58-4d9d-a3b0-d392ca34d224","status_code":201,"trace_id":"d86bcef231f474011dee719026999e9d","msg":"http request completed"}
{"level":30,"time":"2026-10-10T17:38:45.893Z","component":"api","duration_ms":69.68379999999888,"method":"POST","path":"/api/v1/catalog/items","request_id":"2eb93431-ecde-49c5-8261-d9800a314437","status_code":201,"trace_id":"688a46bec32cdcf527ca788ebfb801dd","msg":"http request completed"}
{"level":30,"time":"2026-10-10T17:38:45.977Z","component":"api","duration_ms":68.62610000000132,"method":"POST","path":"/api/v1/catalog/items","request_id":"ee0e1f58-0a50-46c9-b62d-88e74c477bd3","status_code":201,"trace_id":"9179d46e544be3d0479ee3ee5b083598","msg":"http request completed"}
{"level":30,"time":"2026-10-10T17:38:46.023Z","component":"api","duration_ms":38.84779999999955,"method":"GET","path":"/api/v1/catalog/items/manage","request_id":"052265e4-efa9-4471-b8c5-61208e414ac5","status_code":200,"trace_id":"fa7b73ded5ece0bbe19d5441510b251d","msg":"http request completed"}
{"level":30,"time":"2026-10-10T17:38:46.107Z","component":"api","duration_ms":74.85719999999856,"method":"PATCH","path":"/api/v1/catalog/items/8e30322c-e6ce-446c-b67a-f04b8fb38c8e","request_id":"00ea796d-2d52-42b3-a3d3-f9c1b0333b4e","status_code":200,"trace_id":"3db4905443e2abadec5ac48048ebed70","msg":"http request completed"}
{"level":30,"time":"2026-10-10T17:38:46.237Z","component":"api","duration_ms":114.03649999999834,"method":"PATCH","path":"/api/v1/catalog/items/8e30322c-e6ce-446c-b67a-f04b8fb38c8e/price","request_id":"9587dbbf-7864-4995-913b-560d86a62a2f","status_code":200,"trace_id":"24c9c388c809d22ade987d5f1686140a","msg":"http request completed"}
{"level":30,"time":"2026-10-10T17:38:46.304Z","component":"api","duration_ms":48.32980000000316,"method":"PATCH","path":"/api/v1/catalog/items/1fe97b58-a4bc-4c41-bb00-24ab945aaa57/status","request_id":"bcca9458-1a91-41f3-809a-b0792e509760","status_code":400,"trace_id":"0aa31d372443e57291cf77004f6bd76d","msg":"http request completed"}
{"level":30,"time":"2026-10-10T17:38:46.362Z","component":"api","duration_ms":49.33869999999661,"method":"PATCH","path":"/api/v1/catalog/items/1fe97b58-a4bc-4c41-bb00-24ab945aaa57/status","request_id":"28e0d9f2-f14a-46c4-b891-9e2094eec71f","status_code":428,"trace_id":"624736b2a2adebee87747580865903c9","msg":"http request completed"}
{"level":30,"time":"2026-10-10T17:38:46.461Z","component":"api","duration_ms":92.13709999999992,"method":"PATCH","path":"/api/v1/catalog/items/1fe97b58-a4bc-4c41-bb00-24ab945aaa57/status","request_id":"9f302ff8-f05e-4a96-b4fc-1d5f4fa97541","status_code":200,"trace_id":"75a37e1c6d130a298f5eb5d57e3fc381","msg":"http request completed"}
{"level":30,"time":"2026-10-10T17:38:46.535Z","component":"api","duration_ms":62.705799999999726,"method":"PATCH","path":"/api/v1/catalog/items/1fe97b58-a4bc-4c41-bb00-24ab945aaa57/status","request_id":"175699c2-427a-40f1-b1ac-3fc287561eae","status_code":200,"trace_id":"9b975a1c0438e2f4760b89285042aff0","msg":"http request completed"}
{"level":30,"time":"2026-10-10T17:38:46.626Z","component":"api","duration_ms":77.64420000000246,"method":"PATCH","path":"/api/v1/catalog/items/1fe97b58-a4bc-4c41-bb00-24ab945aaa57/structure","request_id":"d90c7d78-fa4c-4227-9f40-389f8f3cc1a9","status_code":200,"trace_id":"f736bc356bf5c8f407cac169a47687e8","msg":"http request completed"}
{"level":30,"time":"2026-10-10T17:38:46.705Z","component":"api","duration_ms":67.54609999999957,"method":"PATCH","path":"/api/v1/catalog/categories/360205ba-74e7-4d01-8a0e-277dcf5d61c8/status","request_id":"c32a276d-c542-42c5-8635-28b2b52fcb28","status_code":200,"trace_id":"2cec427057f6b56d18c6efcc5dee2ef4","msg":"http request completed"}
{"level":30,"time":"2026-10-10T17:38:46.795Z","component":"api","duration_ms":79.58170000000246,"method":"DELETE","path":"/api/v1/catalog/items/1fe97b58-a4bc-4c41-bb00-24ab945aaa57","request_id":"9633c5a7-f1c4-40c8-93f7-f8f6b90fc432","status_code":200,"trace_id":"d9d2dd23f17dd7a05de8f8ba7816bab2","msg":"http request completed"}
{"level":30,"time":"2026-10-10T17:38:46.877Z","component":"api","duration_ms":71.97429999999804,"method":"DELETE","path":"/api/v1/catalog/categories/360205ba-74e7-4d01-8a0e-277dcf5d61c8","request_id":"2ad53c47-8613-4d7f-b9d6-de6ebad8f0f0","status_code":200,"trace_id":"bafb60d0fff9d58496b817603a3e66d9","msg":"http request completed"}
{"level":30,"time":"2026-10-10T17:38:46.933Z","component":"api","duration_ms":35.33060000000114,"method":"PATCH","path":"/api/v1/catalog/items/638611d6-e08f-44dd-a712-d48007adaff0/status","request_id":"9af79d8c-5765-48fe-9123-a38be9025feb","status_code":403,"trace_id":"c3ef429bc2651ff2902c550faad150f1","msg":"http request completed"}
{"level":30,"time":"2026-10-10T17:38:46.975Z","component":"api","duration_ms":34.357599999999366,"method":"GET","path":"/api/v1/catalog/categories","request_id":"f8b910b4-6387-4ba8-bdb6-20c330a85d94","status_code":403,"trace_id":"bce653b1f5d75e2141a6a87909be13ca","msg":"http request completed"}
{"level":30,"time":"2026-10-10T17:38:47.016Z","component":"api","duration_ms":29.74760000000242,"method":"GET","path":"/api/v1/catalog/items/manage","request_id":"61ea7bfd-7ea6-407d-a5dc-5da330af1d3d","status_code":403,"trace_id":"9b880dec5f76d1ae0bbfba7f23aefd96","msg":"http request completed"}

 Test Files  4 passed (4)
      Tests  42 passed (42)
   Start at  14:38:17
   Duration  86.06s (transform 5.16s, setup 0ms, import 31.03s, tests 52.23s, environment 1ms)

