$ vitest run --config vitest.config.mts "t236k-authorization.integration.test.ts" "organization-discovery.integration.test.ts" "membership-administration.integration.test.ts" "invitation-create.integration.test.ts" "invitation-revocation.integration.test.ts" "invitation-resend.integration.test.ts" "branch-management.integration.test.ts" "cash-register-management.integration.test.ts" "cash-foundation.integration.test.ts" "sales-quote.integration.test.ts" "--reporter=verbose"

 RUN  v4.1.11 C:/Users/tobib/OneDrive/Escritorio/Uco Digital/UcoGestion/apps/api

 ✓ test/t236k-authorization.integration.test.ts > T236K real persisted membership authorization > RF-21 authorizes inventory adjustment using actual OWNER membership and revalidates role changes 488ms
 ✓ test/t236k-authorization.integration.test.ts > T236K real persisted membership authorization > RF-21 authorizes inventory adjustment using actual ADMIN membership and revalidates role changes 470ms
 ✓ test/t236k-authorization.integration.test.ts > T236K real persisted membership authorization > RF-21 authorizes inventory adjustment using actual CASHIER membership and revalidates role changes 395ms
 ✓ test/t236k-authorization.integration.test.ts > T236K real persisted membership authorization > RF-21 authorizes inventory adjustment using actual EMPLOYEE membership and revalidates role changes 362ms
 ✓ test/t236k-authorization.integration.test.ts > T236K real persisted membership authorization > RF-21 POS quote rejects unauthorized real OWNER membership 323ms
 ✓ test/t236k-authorization.integration.test.ts > T236K real persisted membership authorization > RF-21 POS quote rejects unauthorized real ADMIN membership 524ms
 ✓ test/t236k-authorization.integration.test.ts > T236K real persisted membership authorization > RF-21 POS quote rejects unauthorized real CASHIER membership 440ms
 ✓ test/t236k-authorization.integration.test.ts > T236K real persisted membership authorization > RF-21 POS quote rejects unauthorized real EMPLOYEE membership 433ms
 ✓ test/t236k-authorization.integration.test.ts > T236K real persisted membership authorization > RF-21 'OWNER' × 'catalog-create' uses backend membership, scope, tenant and inactive actor 296ms
 ✓ test/t236k-authorization.integration.test.ts > T236K real persisted membership authorization > RF-21 'ADMIN' × 'catalog-create' uses backend membership, scope, tenant and inactive actor 325ms
 ✓ test/t236k-authorization.integration.test.ts > T236K real persisted membership authorization > RF-21 'CASHIER' × 'catalog-create' uses backend membership, scope, tenant and inactive actor 527ms
 ✓ test/t236k-authorization.integration.test.ts > T236K real persisted membership authorization > RF-21 'EMPLOYEE' × 'catalog-create' uses backend membership, scope, tenant and inactive actor 751ms
 ✓ test/t236k-authorization.integration.test.ts > T236K real persisted membership authorization > RF-21 'OWNER' × 'customer-create' uses backend membership, scope, tenant and inactive actor 355ms
 ✓ test/t236k-authorization.integration.test.ts > T236K real persisted membership authorization > RF-21 'ADMIN' × 'customer-create' uses backend membership, scope, tenant and inactive actor 307ms
 ✓ test/t236k-authorization.integration.test.ts > T236K real persisted membership authorization > RF-21 'CASHIER' × 'customer-create' uses backend membership, scope, tenant and inactive actor 321ms
 ✓ test/t236k-authorization.integration.test.ts > T236K real persisted membership authorization > RF-21 'EMPLOYEE' × 'customer-create' uses backend membership, scope, tenant and inactive actor 394ms
 ✓ test/t236k-authorization.integration.test.ts > T236K real persisted membership authorization > RF-21 'OWNER' × 'supplier-create' uses backend membership, scope, tenant and inactive actor 365ms
 ✓ test/t236k-authorization.integration.test.ts > T236K real persisted membership authorization > RF-21 'ADMIN' × 'supplier-create' uses backend membership, scope, tenant and inactive actor 421ms
 ✓ test/t236k-authorization.integration.test.ts > T236K real persisted membership authorization > RF-21 'CASHIER' × 'supplier-create' uses backend membership, scope, tenant and inactive actor 457ms
 ✓ test/t236k-authorization.integration.test.ts > T236K real persisted membership authorization > RF-21 'EMPLOYEE' × 'supplier-create' uses backend membership, scope, tenant and inactive actor 530ms
 ✓ test/t236k-authorization.integration.test.ts > T236K real persisted membership authorization > RF-21 'OWNER' × 'adjustment' uses backend membership, scope, tenant and inactive actor 402ms
 ✓ test/t236k-authorization.integration.test.ts > T236K real persisted membership authorization > RF-21 'ADMIN' × 'adjustment' uses backend membership, scope, tenant and inactive actor 502ms
 ✓ test/t236k-authorization.integration.test.ts > T236K real persisted membership authorization > RF-21 'CASHIER' × 'adjustment' uses backend membership, scope, tenant and inactive actor 486ms
 ✓ test/t236k-authorization.integration.test.ts > T236K real persisted membership authorization > RF-21 'EMPLOYEE' × 'adjustment' uses backend membership, scope, tenant and inactive actor 452ms
 ✓ test/t236k-authorization.integration.test.ts > T236K real persisted membership authorization > RF-21 'OWNER' × 'threshold' uses backend membership, scope, tenant and inactive actor 407ms
 ✓ test/t236k-authorization.integration.test.ts > T236K real persisted membership authorization > RF-21 'ADMIN' × 'threshold' uses backend membership, scope, tenant and inactive actor 630ms
 ✓ test/t236k-authorization.integration.test.ts > T236K real persisted membership authorization > RF-21 'CASHIER' × 'threshold' uses backend membership, scope, tenant and inactive actor 620ms
 ✓ test/t236k-authorization.integration.test.ts > T236K real persisted membership authorization > RF-21 'EMPLOYEE' × 'threshold' uses backend membership, scope, tenant and inactive actor 657ms
 ✓ test/t236k-authorization.integration.test.ts > T236K real persisted membership authorization > RF-21 'OWNER' × 'purchase-receive' uses backend membership, scope, tenant and inactive actor 384ms
 ✓ test/t236k-authorization.integration.test.ts > T236K real persisted membership authorization > RF-21 'ADMIN' × 'purchase-receive' uses backend membership, scope, tenant and inactive actor 626ms
 ✓ test/t236k-authorization.integration.test.ts > T236K real persisted membership authorization > RF-21 'CASHIER' × 'purchase-receive' uses backend membership, scope, tenant and inactive actor 661ms
 ✓ test/t236k-authorization.integration.test.ts > T236K real persisted membership authorization > RF-21 'EMPLOYEE' × 'purchase-receive' uses backend membership, scope, tenant and inactive actor 812ms
 ✓ test/t236k-authorization.integration.test.ts > T236K real persisted membership authorization > RF-21 'OWNER' × 'expense-transfer' uses backend membership, scope, tenant and inactive actor 373ms
 ✓ test/t236k-authorization.integration.test.ts > T236K real persisted membership authorization > RF-21 'ADMIN' × 'expense-transfer' uses backend membership, scope, tenant and inactive actor 444ms
 ✓ test/t236k-authorization.integration.test.ts > T236K real persisted membership authorization > RF-21 'CASHIER' × 'expense-transfer' uses backend membership, scope, tenant and inactive actor 543ms
 ✓ test/t236k-authorization.integration.test.ts > T236K real persisted membership authorization > RF-21 'EMPLOYEE' × 'expense-transfer' uses backend membership, scope, tenant and inactive actor 480ms
 ✓ test/t236k-authorization.integration.test.ts > T236K real persisted membership authorization > RF-21 'OWNER' × 'cash-open' uses backend membership, scope, tenant and inactive actor 425ms
 ✓ test/t236k-authorization.integration.test.ts > T236K real persisted membership authorization > RF-21 'ADMIN' × 'cash-open' uses backend membership, scope, tenant and inactive actor 469ms
 ✓ test/t236k-authorization.integration.test.ts > T236K real persisted membership authorization > RF-21 'CASHIER' × 'cash-open' uses backend membership, scope, tenant and inactive actor 469ms
 ✓ test/t236k-authorization.integration.test.ts > T236K real persisted membership authorization > RF-21 'EMPLOYEE' × 'cash-open' uses backend membership, scope, tenant and inactive actor 620ms
 ✓ test/t236k-authorization.integration.test.ts > T236K real persisted membership authorization > RF-23 invitation resend cannot mutate a user spanning outside ADMIN scope 418ms
 ✓ test/t236k-authorization.integration.test.ts > T236K real persisted membership authorization > RF-23 invitation revoke cannot mutate a user spanning outside ADMIN scope 320ms
 ✓ test/t236k-authorization.integration.test.ts > T236K real persisted membership authorization > RF-23 invitation resend revalidates authorization on replay and denies OWNER targets 604ms
 ✓ test/t236k-authorization.integration.test.ts > T236K real persisted membership authorization > RF-23 invitation revoke revalidates authorization on replay and denies OWNER targets 503ms
 ✓ test/t236k-authorization.integration.test.ts > T236K real persisted membership authorization > RF-23 ADMIN cash-register create enforces real scope, role, tenant and active branch 509ms
 ✓ test/t236k-authorization.integration.test.ts > T236K real persisted membership authorization > RF-23 ADMIN cash-register rename enforces real scope, role, tenant and active branch 323ms
 ✓ test/t236k-authorization.integration.test.ts > T236K real persisted membership authorization > RF-23 ADMIN cash-register deactivate enforces real scope, role, tenant and active branch 454ms
 ✓ test/t236k-authorization.integration.test.ts > T236K real persisted membership authorization > RF-23 ADMIN changeRole only for non-owners entirely within scope 633ms
 ✓ test/t236k-authorization.integration.test.ts > T236K real persisted membership authorization > RF-23 ADMIN setStatus only for non-owners entirely within scope 659ms
 ✓ test/t236k-authorization.integration.test.ts > T236K real persisted membership authorization > RF-23 ADMIN revoke only for non-owners entirely within scope 608ms
 ✓ test/t236k-authorization.integration.test.ts > T236K real persisted membership authorization > RF-23 invitations validate assigned, outside, foreign and inactive branches with persisted ADMIN 513ms
 ✓ test/t236k-authorization.integration.test.ts > T236K real persisted membership authorization > RF-93 OWNER opens, moves cash and completes signed close only with current scope 2226ms
 ✓ test/t236k-authorization.integration.test.ts > T236K real persisted membership authorization > RF-93 ADMIN opens, moves cash and completes signed close only with current scope 2422ms
 ✓ test/t236k-authorization.integration.test.ts > T236K real persisted membership authorization > RF-29 rejects new inventory-increase after real deactivation and preserves history 462ms
 ✓ test/t236k-authorization.integration.test.ts > T236K real persisted membership authorization > RF-29 rejects new inventory-decrease after real deactivation and preserves history 394ms
 ✓ test/t236k-authorization.integration.test.ts > T236K real persisted membership authorization > RF-29 rejects new transfer-out after real deactivation and preserves history 368ms
 ✓ test/t236k-authorization.integration.test.ts > T236K real persisted membership authorization > RF-29 rejects new transfer-in after real deactivation and preserves history 447ms
 ✓ test/t236k-authorization.integration.test.ts > T236K real persisted membership authorization > RF-29 rejects new threshold after real deactivation and preserves history 534ms
 ✓ test/t236k-authorization.integration.test.ts > T236K real persisted membership authorization > RF-29 rejects new purchase after real deactivation and preserves history 542ms
 ✓ test/t236k-authorization.integration.test.ts > T236K real persisted membership authorization > RF-29 rejects new expense after real deactivation and preserves history 422ms
 ✓ test/t236k-authorization.integration.test.ts > T236K real persisted membership authorization > RF-29 rejects new cash-register after real deactivation and preserves history 343ms
 ✓ test/t236k-authorization.integration.test.ts > T236K real persisted membership authorization > RF-29 rejects new device after real deactivation and preserves history 369ms
 ✓ test/t236k-authorization.integration.test.ts > T236K real persisted membership authorization > RF-29 rejects new cash-open after real deactivation and preserves history 515ms
 ✓ test/t236k-authorization.integration.test.ts > T236K real persisted membership authorization > RF-220 ADMIN edits global customer/supplier then is denied a real purchase outside scope 1582ms
 ✓ test/t236k-authorization.integration.test.ts > T236K real persisted membership authorization > RF-116 bootstrap revalidates OWNER membership, branch scope, tenant and inactive device 834ms
 ✓ test/t236k-authorization.integration.test.ts > T236K real persisted membership authorization > RF-116 bootstrap revalidates ADMIN membership, branch scope, tenant and inactive device 896ms
 ✓ test/t236k-authorization.integration.test.ts > T236K real persisted membership authorization > RF-116 bootstrap revalidates CASHIER membership, branch scope, tenant and inactive device 914ms
 ✓ test/t236k-authorization.integration.test.ts > T236K real persisted membership authorization > RF-116 bootstrap revalidates EMPLOYEE membership, branch scope, tenant and inactive device 889ms
 ✓ test/t236k-authorization.integration.test.ts > T236K real persisted membership authorization > RF-285 backend rejects foreign item, supplier and transfer branch without any effects 1533ms
 ✓ test/t236k-authorization.integration.test.ts > T236K real persisted membership authorization > RF-29 new sale revalidates inactive branch while preserving confirmed sale and ledger 497ms
 ✓ test/t236k-authorization.integration.test.ts > T236K real persisted membership authorization > RF-285 a foreign customer cannot be attached to a sale with otherwise valid tenant session/items 898ms
 ✓ test/membership-administration.integration.test.ts > membership administration > returns only administrable members and assigned branches to ADMIN 34ms
 ✓ test/membership-administration.integration.test.ts > membership administration > prevents ADMIN from changing a member assigned only outside their branch scope 66ms
 ✓ test/membership-administration.integration.test.ts > membership administration > replays a role change with the same version and key without a second write 84ms
 ✓ test/membership-administration.integration.test.ts > membership administration > does not mistake a targeted membership for an actor without membership 13ms
 ✓ test/membership-administration.integration.test.ts > membership administration > prevents non-OWNER actors from creating, promoting, degrading or revoking OWNER 57ms
 ✓ test/membership-administration.integration.test.ts > membership administration > serializes concurrent OWNER removals and ignores pending OWNER invitations 58ms
 ✓ test/membership-administration.integration.test.ts > membership administration > allows an OWNER to degrade or deactivate another OWNER only while one remains active 101ms
 ✓ test/membership-administration.integration.test.ts > membership administration > lets ADMIN manage only non-owner branch assignments inside its own scope 61ms
 ✓ test/membership-administration.integration.test.ts > membership administration > revokes online access immediately and records when each device learned the revocation 70ms
 ✓ test/organization-discovery.integration.test.ts > global membership discovery > lists and selects only active memberships of the authenticated user 709ms
 ✓ test/organization-discovery.integration.test.ts > global membership discovery > does not expose tenant rows to the global runtime role without an authenticated user context 7ms
 ✓ test/invitation-create.integration.test.ts > invitation creation > stores only the token hash and atomically queues the role and branches for email 102ms
 ✓ test/invitation-create.integration.test.ts > invitation creation > limits ADMIN to assigned branches and rejects cross-tenant branch identifiers 55ms
 ✓ test/invitation-create.integration.test.ts > invitation creation > replays an identical invitation without duplicate outbox or audit effects 109ms
 ✓ test/invitation-create.integration.test.ts > invitation creation > rolls back invitation, branches and audit when the email outbox insert fails 42ms
 ✓ test/cash-register-management.integration.test.ts > cash register management > creates and renames registers with normalized uniqueness per branch 105ms
 ✓ test/cash-register-management.integration.test.ts > cash register management > rejects a foreign branch and unauthorized actor without leaking cross-tenant data 31ms
 ✓ test/cash-register-management.integration.test.ts > cash register management > deactivates a register without deleting it and blocks future openings 79ms
 ✓ test/invitation-resend.integration.test.ts > invitation resend > reissues an expired invitation with a new token and creates only one membership 131ms
 ✓ test/invitation-resend.integration.test.ts > invitation resend > denies operational roles and cross-tenant invitation identifiers 96ms
 ✓ test/invitation-resend.integration.test.ts > invitation resend > keeps the previous token valid when queuing the resend email fails 92ms
 ✓ test/sales-quote.integration.test.ts > sales quote > T132 computes each line HALF_UP and validates quantities under tenant RLS 70ms
 ✓ test/sales-quote.integration.test.ts > sales quote > T133 accepts one global discount and rejects excess or unauthorized discounts 58ms
 ✓ test/sales-quote.integration.test.ts > sales quote > T135 persists a confirmed sale with immutable item and receipt snapshots 308ms
 ✓ test/sales-quote.integration.test.ts > sales quote > T136 snapshots an active optional customer and rejects an inactive one 297ms
 ✓ test/sales-quote.integration.test.ts > sales quote > T137 locks and validates OPEN session, branch and operational device before insertion 147ms
 ✓ test/sales-quote.integration.test.ts > sales quote > T138 applies sale actor role, branch scope and cashier ownership 130ms
 ✓ test/sales-quote.integration.test.ts > sales quote > T139 preserves the sale actor and session owner and audits an intervention 99ms
 ✓ test/sales-quote.integration.test.ts > sales quote > T140 serializes competing sales and rolls back every line when stock is insufficient 138ms
 ✓ test/sales-quote.integration.test.ts > sales quote > T141 leaves stock and inventory ledger untouched for untracked PRODUCT (RF-76) 61ms
 ✓ test/sales-quote.integration.test.ts > sales quote > T141 leaves stock and inventory ledger untouched for untracked SERVICE (RF-76) 38ms
 ✓ test/sales-quote.integration.test.ts > sales quote > T142 requires positive enabled payment lines summing exactly to a positive sale 79ms
 ✓ test/sales-quote.integration.test.ts > sales quote > T143 records cash received and change while projecting only the applied amount 46ms
 ✓ test/sales-quote.integration.test.ts > sales quote > T144 confirms a zero-total sale without payment or cash movement while enforcing stock and session 66ms
 ✓ test/sales-quote.integration.test.ts > sales quote > T145 confirms and replays through the tenant runtime without crossing organizations 65ms
 ✓ test/sales-quote.integration.test.ts > sales quote > T236J retains category after rename and reassignment 225ms
 ✓ test/branch-management.integration.test.ts > branch management > reads only active assigned branches for an operational member and stays inside the tenant 49ms
 ✓ test/branch-management.integration.test.ts > branch management > replays branch creation once without duplicate audit effects 53ms
 ✓ test/branch-management.integration.test.ts > branch management > normalizes branch names and enforces uniqueness only inside the tenant 42ms
 ✓ test/branch-management.integration.test.ts > branch management > T221 deactivates only OWNER tenant branches, with atomic audit, version and idempotent replay 195ms
 ✓ test/branch-management.integration.test.ts > branch management > T221 denies ADMIN, CASHIER and EMPLOYEE even with branch assignment 55ms
 ✓ test/branch-management.integration.test.ts > branch management > T221 retains uncertainty for expired/revoked grants and never clears exposure to permit deactivation 128ms
 ✓ test/branch-management.integration.test.ts > branch management > T221 audit failure rolls back branch status and idempotency; retry commits once 84ms
 ✓ test/branch-management.integration.test.ts > branch management > T221 a real concurrent opening and branch deactivation cannot both commit 171ms
 ✓ test/branch-management.integration.test.ts > branch management > allows new operations only on active branches without exposing a state-change command 60ms
 ✓ test/branch-management.integration.test.ts > branch management > T221 blocks inventory conflicts and preserves their historical projection 130ms
 ✓ test/branch-management.integration.test.ts > branch management > T221 prevents a new inventory write that waits behind committed deactivation 88ms
 ✓ test/invitation-revocation.integration.test.ts > invitation revocation > lets OWNER revoke a pending invitation once and prevents its later acceptance 283ms
 ✓ test/invitation-revocation.integration.test.ts > invitation revocation > allows ADMIN but denies operational roles and cross-tenant invitation ids 88ms
 ✓ test/cash-foundation.integration.test.ts > cash foundation > T115 authorizes an online device with tenant, branch, authorizer and contact timestamps 96ms
 ✓ test/cash-foundation.integration.test.ts > cash foundation > T185 provisions a POS key and opaque certificate, with scoped authorization and idempotent replay 109ms
 ✓ test/cash-foundation.integration.test.ts > cash foundation > T116 preserves a conflicting offline session while one normal session blocks online opening 143ms
 ✓ test/cash-foundation.integration.test.ts > cash foundation > T117 keeps cash movements immutable and expected cash atomic 272ms
 ✓ test/cash-foundation.integration.test.ts > cash foundation > T118 prepares an online opening with nonnegative cash and matching active register and device 85ms
 ✓ test/cash-foundation.integration.test.ts > cash foundation > T116 rejects online opening when a conflicted offline session remains 36ms
 ✓ test/cash-foundation.integration.test.ts > cash foundation > T119 permits scoped OWNER, ADMIN and CASHIER opening while rejecting EMPLOYEE 94ms
 ✓ test/cash-foundation.integration.test.ts > cash foundation > T120 rejects an operation from another device even for OWNER or ADMIN 49ms
 ✓ test/cash-foundation.integration.test.ts > cash foundation > T121 keeps the session device while recording the authenticated replacement actor 71ms
 ✓ test/cash-foundation.integration.test.ts > cash foundation > T121A opens once under concurrent requests and replays the original audited result 124ms
 ✓ test/cash-foundation.integration.test.ts > cash foundation > T122 records a positive manual deposit with reason, real actor and one atomic effect 161ms
 ✓ test/cash-foundation.integration.test.ts > cash foundation > T123 rejects an excessive withdrawal completely after the session lock 152ms
 ✓ test/cash-foundation.integration.test.ts > cash foundation > T124 calculates expected cash from the consolidated server ledger 375ms
 × test/cash-foundation.integration.test.ts > cash foundation > T214B begins close with a signed complete checkpoint, rejects forgery and replays once 558ms
   → expected 1791671136704 to be greater than or equal to 1791671136734
 ✓ test/cash-foundation.integration.test.ts > cash foundation > T218A reads an explicit cash projection under runtime RLS, branch scope and cashier ownership 270ms

⎯⎯⎯⎯⎯⎯⎯ Failed Tests 1 ⎯⎯⎯⎯⎯⎯⎯

 FAIL  test/cash-foundation.integration.test.ts > cash foundation > T214B begins close with a signed complete checkpoint, rejects forgery and replays once
AssertionError: expected 1791671136704 to be greater than or equal to 1791671136734
 ❯ test/cash-foundation.integration.test.ts:555:48
    553|       'SELECT reviewer_user_id,reviewed_at FROM cash_difference_review…
    554|     expect(reviewEvent?.reviewer_user_id).toBe(adminId);
    555|     expect(reviewEvent?.reviewed_at.getTime()).toBeGreaterThanOrEqual(…
       |                                                ^
    556|     expect(reviewEvent?.reviewed_at.getTime()).toBeLessThanOrEqual(Dat…
    557|     expect((await admin.query('SELECT expected_cash,counted_cash,diffe…

⎯⎯⎯⎯⎯⎯⎯⎯⎯⎯⎯⎯⎯⎯⎯⎯⎯⎯⎯⎯⎯⎯⎯⎯[1/1]⎯


 Test Files  1 failed | 9 passed (10)
      Tests  1 failed | 134 passed (135)
   Start at  19:22:19
   Duration  197.97s (transform 2.41s, setup 0ms, import 43.40s, tests 146.04s, environment 2ms)

C:\Users\tobib\OneDrive\Escritorio\Uco Digital\UcoGestion\apps\api:
[ERR_PNPM_RECURSIVE_RUN_FIRST_FAIL] @uconext/api@0.0.0 test: `vitest run --config vitest.config.mts "t236k-authorization.integration.test.ts" "organization-discovery.integration.test.ts" "membership-administration.integration.test.ts" "invitation-create.integration.test.ts" "invitation-revocation.integration.test.ts" "invitation-resend.integration.test.ts" "branch-management.integration.test.ts" "cash-register-management.integration.test.ts" "cash-foundation.integration.test.ts" "sales-quote.integration.test.ts" "--reporter=verbose"`
Exit status 1
