
 RUN  v4.1.11 C:/Users/tobib/OneDrive/Escritorio/Uco Digital/UcoGestion/apps/api

{"level":30,"time":"2026-10-10T21:56:15.990Z","component":"api","duration_ms":13.202700000008917,"method":"GET","path":"/api/v1/organizations","request_id":"25391eb9-5fd2-4923-8ff2-30bdf70f800b","status_code":401,"trace_id":"b7a0b39a1877ebe21fa9b3b93cc7667d","msg":"http request completed"}
{"level":30,"time":"2026-10-10T21:56:15.996Z","component":"api","duration_ms":3.666799999991781,"method":"GET","path":"/api/v1/organizations/settings","request_id":"62e8729b-0a27-42b5-acc3-9b50f7528a3f","status_code":401,"trace_id":"2013cf0473664d0527fa016489d881f4","msg":"http request completed"}
{"level":30,"time":"2026-10-10T21:56:16.000Z","component":"api","duration_ms":2.092900000003283,"method":"GET","path":"/api/v1/branches","request_id":"b3ec914f-cc0d-425f-9274-b6756e95ac1c","status_code":401,"trace_id":"71feaf5f755388d5a8b3c0dfd0f8a737","msg":"http request completed"}
{"level":30,"time":"2026-10-10T21:56:16.676Z","component":"api","duration_ms":562.5964999999997,"method":"POST","path":"/api/v1/auth/login","request_id":"ae843fe3-14af-456c-8db9-7bc0ccac39f1","status_code":204,"trace_id":"dd628480cce85ce24435d8d68aeea531","msg":"http request completed"}
{"level":30,"time":"2026-10-10T21:56:18.579Z","component":"api","duration_ms":3.49560000000929,"method":"GET","path":"/api/v1/organizations","request_id":"4f8500bf-366d-4b8d-90fd-3f847dda21dd","status_code":401,"trace_id":"0fea66eb392e1f4768e7525e6f9f2f89","msg":"http request completed"}
{"level":30,"time":"2026-10-10T21:56:18.583Z","component":"api","duration_ms":2.2281999999977415,"method":"GET","path":"/api/v1/organizations/settings","request_id":"79c6eedb-b7a3-4f5f-9638-f4eedbb1ef39","status_code":401,"trace_id":"8fbce36d8531a7ea653dc7b78132cdb9","msg":"http request completed"}
{"level":30,"time":"2026-10-10T21:56:18.586Z","component":"api","duration_ms":1.7697000000043772,"method":"GET","path":"/api/v1/branches","request_id":"e7f4977b-f578-402f-8af3-fffa06086c01","status_code":401,"trace_id":"71b9f51f0e02f4843e3233a984f776dc","msg":"http request completed"}
{"level":30,"time":"2026-10-10T21:56:21.462Z","component":"api","duration_ms":91.80359999999928,"method":"GET","path":"/api/v1/organizations","request_id":"abee5071-18d7-4aa1-a2f4-3dadb589ac8e","status_code":200,"trace_id":"6679aacf2587d9de5bad3ac9b956f2c8","msg":"http request completed"}
{"level":30,"time":"2026-10-10T21:56:21.533Z","component":"api","duration_ms":159.44560000000638,"method":"GET","path":"/api/v1/organizations/settings","request_id":"d8783e7d-de8f-42ef-bb83-a7726185cdde","status_code":200,"trace_id":"d90fe0796f27c450f4b99c313ce56562","msg":"http request completed"}
{"level":30,"time":"2026-10-10T21:56:21.583Z","component":"api","duration_ms":206.16999999999825,"method":"GET","path":"/api/v1/branches","request_id":"6cd56f53-086e-4ec6-93b7-41e685cb8431","status_code":200,"trace_id":"98b3f1bd63f936b84369c18bfde01acc","msg":"http request completed"}
{"level":30,"time":"2026-10-10T21:56:21.748Z","component":"api","duration_ms":160.8278999999893,"method":"GET","path":"/api/v1/dashboard","request_id":"632b87d2-b011-407b-82eb-61b9f9238ea3","status_code":200,"trace_id":"fbc627d4a9917070bbad8423401fcfe3","msg":"http request completed"}
{"level":30,"time":"2026-10-10T21:56:24.103Z","component":"api","duration_ms":13.868500000011409,"method":"GET","path":"/api/v1/auth/csrf","request_id":"f53f4319-fa6e-416b-a9d5-ff7ff11f5647","status_code":200,"trace_id":"cc2ff9e9b536924927e9d97ff0297809","msg":"http request completed"}
{"level":30,"time":"2026-10-10T21:56:24.176Z","component":"api","duration_ms":43.876700000007986,"method":"POST","path":"/api/v1/organizations/64789748-23ea-4f89-b421-86868b9960c5/select","request_id":"3994dfa7-6037-481f-b7d1-18583f1d65ea","status_code":403,"trace_id":"ca5d58f74af7724ca7ce3dacb1768d48","msg":"http request completed"}
{"level":30,"time":"2026-10-10T21:56:24.430Z","component":"api","duration_ms":9.863400000002002,"method":"GET","path":"/api/v1/auth/csrf","request_id":"1b7c1c58-2287-4c4a-a8a8-cfd2f35f1e34","status_code":200,"trace_id":"49a98c424f70280c9eafd848365719d2","msg":"http request completed"}
{"level":30,"time":"2026-10-10T21:56:24.478Z","component":"api","duration_ms":27.86840000000666,"method":"POST","path":"/api/v1/organizations/906da753-60da-401f-9458-451a6e95df3a/select","request_id":"b9ed71af-c162-41ad-b353-aaf3276d8ac3","status_code":403,"trace_id":"d15046e6e7f499c3a8aeb6d6c682186c","msg":"http request completed"}
{"level":30,"time":"2026-10-10T21:56:24.530Z","component":"api","duration_ms":12.97170000000915,"method":"GET","path":"/api/v1/auth/csrf","request_id":"f6ae0584-ecb4-4a43-9cdd-c408b04f884e","status_code":200,"trace_id":"90dd4cf23d9939be075c2c5429228d4c","msg":"http request completed"}
{"level":30,"time":"2026-10-10T21:56:24.572Z","component":"api","duration_ms":26.113400000002002,"method":"POST","path":"/api/v1/organizations/fb5e1d04-1f3b-4a7b-a391-3c39e52a9013/select","request_id":"35ff6812-134f-4a30-94ac-07ce10886b87","status_code":403,"trace_id":"d5fe1b13af41be31354edefce6c6c6d0","msg":"http request completed"}
{"level":30,"time":"2026-10-10T21:56:25.926Z","component":"api","duration_ms":31.4829000000027,"method":"GET","path":"/api/v1/organizations","request_id":"fcdff3f9-c12a-4799-8649-dff0ed0a832b","status_code":200,"trace_id":"228059bfce45ba3209aade1a258ccb71","msg":"http request completed"}
{"level":30,"time":"2026-10-10T21:56:25.942Z","component":"api","duration_ms":45.32839999999851,"method":"GET","path":"/api/v1/organizations/settings","request_id":"42b2b8bb-e360-42af-9b16-e092461fe782","status_code":200,"trace_id":"671d9e7513dfc7503df755462bce7e30","msg":"http request completed"}
{"level":30,"time":"2026-10-10T21:56:25.967Z","component":"api","duration_ms":68.43629999998666,"method":"GET","path":"/api/v1/branches","request_id":"3fe33b8d-001b-4b15-8fcb-5e8e8952ff79","status_code":200,"trace_id":"ae5a514a49ff426f0ec6bd73ed9ffed1","msg":"http request completed"}
{"level":30,"time":"2026-10-10T21:56:26.095Z","component":"api","duration_ms":105.335699999996,"method":"GET","path":"/api/v1/dashboard","request_id":"4173db1e-416d-4413-baef-8350de00354d","status_code":200,"trace_id":"dcaf1aa3f4081a55ecef18fa2ca18527","msg":"http request completed"}
{"level":30,"time":"2026-10-10T21:56:26.142Z","component":"api","duration_ms":7.060199999992619,"method":"GET","path":"/api/v1/auth/csrf","request_id":"d91dcbdd-b608-4795-a3da-673dd30cb3fa","status_code":200,"trace_id":"503046df9d1026c980817560661340df","msg":"http request completed"}
{"level":30,"time":"2026-10-10T21:56:26.176Z","component":"api","duration_ms":22.848599999997532,"method":"POST","path":"/api/v1/organizations/2c37437a-03d0-40a3-8237-a7125fd097f2/select","request_id":"1e8a354c-aa26-467a-8fcb-28253788d9b6","status_code":201,"trace_id":"abd7ff2b99166640ce5e0bc2688735f1","msg":"http request completed"}
{"level":30,"time":"2026-10-10T21:56:26.265Z","component":"api","duration_ms":19.11040000000503,"method":"GET","path":"/api/v1/organizations","request_id":"dab5b095-16fd-4c72-84fd-041ab48ffebd","status_code":200,"trace_id":"246182592eeafca05437b01dfff2e39f","msg":"http request completed"}
{"level":30,"time":"2026-10-10T21:56:26.288Z","component":"api","duration_ms":37.3521000000037,"method":"GET","path":"/api/v1/organizations/settings","request_id":"b519e6b3-20a6-46f4-ac04-859f66292293","status_code":200,"trace_id":"4ce84153e48a568c2cb62290701ab6dd","msg":"http request completed"}
{"level":30,"time":"2026-10-10T21:56:26.297Z","component":"api","duration_ms":45.40209999999206,"method":"GET","path":"/api/v1/branches","request_id":"9e8a9c37-a0df-4e6a-9ed7-4cd75a0c6139","status_code":200,"trace_id":"c3e95427fa5559fdc8e5241937c0f9c0","msg":"http request completed"}
{"level":30,"time":"2026-10-10T21:56:26.350Z","component":"api","duration_ms":44.51940000000468,"method":"GET","path":"/api/v1/dashboard","request_id":"e6b79496-23fa-4344-b918-c062895ec1ee","status_code":200,"trace_id":"1513d9a9bbf3740f572f36129e311225","msg":"http request completed"}
{"level":30,"time":"2026-10-10T21:56:37.204Z","component":"api","duration_ms":1.0179999999963911,"method":"GET","path":"/api/v1/auth/csrf","request_id":"2801ef82-2b73-479d-9038-75050ce10449","status_code":401,"trace_id":"38f2599200ea3e9c94e138b2696b53df","msg":"http request completed"}
{"level":30,"time":"2026-10-10T21:56:37.231Z","component":"api","duration_ms":2.5538999999989755,"method":"POST","path":"/api/v1/offline/bootstrap","request_id":"b647dd4f-b29f-42e3-9708-503baa43a90d","status_code":401,"trace_id":"60525feb469122ef7c6bfa7e1f53a5c9","msg":"http request completed"}
{"level":30,"time":"2026-10-10T21:56:37.720Z","component":"api","duration_ms":410.9311000000016,"method":"POST","path":"/api/v1/auth/login","request_id":"f5bc4a62-d117-46a4-b2fb-b6fb8fdec554","status_code":204,"trace_id":"df6e08ef521ade99b5785fcf2c73ee01","msg":"http request completed"}
{"level":30,"time":"2026-10-10T21:56:37.764Z","component":"api","duration_ms":11.487299999993411,"method":"GET","path":"/api/v1/auth/csrf","request_id":"14f09da6-a636-41c5-9f8c-d0d8299a0b82","status_code":200,"trace_id":"848c5aa1f0891b6407d8f36f42bb7922","msg":"http request completed"}
{"level":30,"time":"2026-10-10T21:56:37.962Z","component":"api","duration_ms":173.20960000000196,"method":"POST","path":"/api/v1/offline/bootstrap","request_id":"7171c416-f27b-47e7-a417-9971bbbd0562","status_code":403,"trace_id":"ba13b51ea6542dfe3c0ce862f30b626b","msg":"http request completed"}
{"level":30,"time":"2026-10-10T21:56:38.026Z","component":"api","duration_ms":5.890299999999115,"method":"GET","path":"/api/v1/auth/csrf","request_id":"5c1bfa8f-5311-46ea-8eb1-3ddcc9b21f4a","status_code":200,"trace_id":"85014753cd7e8530060972fe2d29255c","msg":"http request completed"}
{"level":30,"time":"2026-10-10T21:56:38.104Z","component":"api","duration_ms":61.9545999999973,"method":"POST","path":"/api/v1/devices/authorize-pos","request_id":"dbea8e8c-50fa-4756-9baa-71b22c35c03a","status_code":201,"trace_id":"8870dba324616664ce23cf0a5ce1bc6c","msg":"http request completed"}
{"level":30,"time":"2026-10-10T21:56:38.653Z","component":"api","duration_ms":31.004100000005565,"method":"GET","path":"/api/v1/auth/csrf","request_id":"711de140-ab9e-44fc-abc3-657718aef0b9","status_code":200,"trace_id":"c3080432a8ffb0a6db3ff89a4c9e9ad7","msg":"http request completed"}
{"level":30,"time":"2026-10-10T21:56:38.950Z","component":"api","duration_ms":282.72119999999995,"method":"POST","path":"/api/v1/offline/bootstrap","request_id":"2c3a4f75-c99c-4dbb-a971-37ebdf9604e9","status_code":201,"trace_id":"893b86e393aee0ab3730807ef736c6ce","msg":"http request completed"}
{"level":30,"time":"2026-10-10T21:56:39.023Z","component":"api","duration_ms":6.547400000010384,"method":"GET","path":"/api/v1/auth/csrf","request_id":"dad0bab1-369a-4dc2-9a63-da3f1ab0827d","status_code":200,"trace_id":"17f1f8202a45a8de9c83ae7054aef496","msg":"http request completed"}
{"level":30,"time":"2026-10-10T21:56:39.208Z","component":"api","duration_ms":173.10020000000077,"method":"POST","path":"/api/v1/offline/authorize","request_id":"ec556291-9550-4474-81ff-10f6cd20bd92","status_code":409,"trace_id":"f97759b2510e0e337949e0520f4cacdb","msg":"http request completed"}
{"level":30,"time":"2026-10-10T21:56:39.294Z","component":"api","duration_ms":13.50680000000284,"method":"GET","path":"/api/v1/auth/csrf","request_id":"7e228874-28d8-498a-bcc6-b6134c766ec9","status_code":200,"trace_id":"91283daa3f6094c6fc00af0241d8b454","msg":"http request completed"}
{"level":30,"time":"2026-10-10T21:56:39.526Z","component":"api","duration_ms":209.40110000000277,"method":"POST","path":"/api/v1/offline/authorize","request_id":"c7acc3e1-74f9-4043-8f6a-2510b4aea6ec","status_code":201,"trace_id":"dc8aba5bed3819f69ad5bbefe4836bfe","msg":"http request completed"}

 Test Files  1 passed (1)
      Tests  2 passed (2)
   Start at  18:54:52
   Duration  111.24s (transform 4.49s, setup 0ms, import 17.11s, tests 93.11s, environment 0ms)

