$ vitest run --config vitest.config.mts "catalog-category-management.integration.test.ts" "catalog-item-lifecycle.integration.test.ts" "catalog-and-invitation-http.e2e.test.ts"

 RUN  v4.1.11 C:/Users/tobib/OneDrive/Escritorio/Uco Digital/UcoGestion/apps/api

{"level":30,"time":"2026-10-10T17:29:13.568Z","component":"api","duration_ms":291.9074999999975,"method":"POST","path":"/api/v1/auth/login","request_id":"35ad222d-bfe6-407f-a435-6934ce71f850","status_code":204,"trace_id":"303bcc0b4321d7584cfaeaa7d1b5ad8d","msg":"http request completed"}
{"level":30,"time":"2026-10-10T17:29:13.591Z","component":"api","duration_ms":12.435199999999895,"method":"GET","path":"/api/v1/auth/csrf","request_id":"ec5c8c7c-d797-4100-96d7-bd53d46bc91c","status_code":200,"trace_id":"46be29535e968990a142b8d8f8e76bb8","msg":"http request completed"}
{"level":30,"time":"2026-10-10T17:29:13.652Z","component":"api","duration_ms":53.792199999999866,"method":"PATCH","path":"/api/v1/catalog/items/98439140-dd93-4fb4-b3ec-9e5d0af7ed98/price","request_id":"f15721e0-8695-420a-8a54-2c93866b11f6","status_code":403,"trace_id":"12be67dc7daedaa570d045149d30ec69","msg":"http request completed"}
{"level":30,"time":"2026-10-10T17:29:14.209Z","component":"api","duration_ms":269.6314999999995,"method":"POST","path":"/api/v1/auth/login","request_id":"c1ccc41d-2ad5-4638-a7a5-59197f96002f","status_code":204,"trace_id":"1cf6f1cbd90c1c74974fe1b25fa3adfa","msg":"http request completed"}
{"level":30,"time":"2026-10-10T17:29:14.220Z","component":"api","duration_ms":5.960100000000239,"method":"GET","path":"/api/v1/auth/csrf","request_id":"23f51676-e27e-4c49-afb8-622ffac676ce","status_code":200,"trace_id":"ab2176e94effa98d5e888434d60a94ef","msg":"http request completed"}
{"level":30,"time":"2026-10-10T17:29:14.281Z","component":"api","duration_ms":54.166699999997945,"method":"PATCH","path":"/api/v1/catalog/items/98439140-dd93-4fb4-b3ec-9e5d0af7ed98/price","request_id":"c8585980-7c46-46a6-8418-94ecfb8f738e","status_code":403,"trace_id":"6be58f2c908adc8a4bc46fcec91a16ae","msg":"http request completed"}
{"level":30,"time":"2026-10-10T17:29:14.309Z","component":"api","duration_ms":17.35479999999734,"method":"POST","path":"/api/v1/auth/forgot-password","request_id":"5af6873d-c9df-42ab-9c8a-8fad611eaf9e","status_code":202,"trace_id":"e71762c30e40dc7a87569f1624132d4b","msg":"http request completed"}
{"level":30,"time":"2026-10-10T17:29:14.600Z","component":"api","duration_ms":285.3166999999994,"method":"POST","path":"/api/v1/auth/accept-invitation","request_id":"e9300c6e-a64c-4846-a968-2f2bbd85c75e","status_code":201,"trace_id":"f8ce659f17ae649ac648cc57f81386ca","msg":"http request completed"}
{"level":30,"time":"2026-10-10T17:29:14.849Z","component":"api","duration_ms":242.78119999999763,"method":"POST","path":"/api/v1/auth/accept-invitation","request_id":"97d167ce-d910-43f2-b310-9f1c39f9ad05","status_code":400,"trace_id":"6327dfb55c6c8bd187b48f5411ba26cf","msg":"http request completed"}
{"level":30,"time":"2026-10-10T17:29:15.103Z","component":"api","duration_ms":247.51250000000437,"method":"POST","path":"/api/v1/auth/login","request_id":"854cf61e-ddbd-408e-b7fe-17e36b27cb42","status_code":204,"trace_id":"fbc497e955d5b576f3bb29424dba95ea","msg":"http request completed"}
{"level":30,"time":"2026-10-10T17:29:15.132Z","component":"api","duration_ms":23.619800000000396,"method":"GET","path":"/api/v1/catalog/items","request_id":"0ce460c0-41ea-4a0d-9f17-e220d41b3b3f","status_code":200,"trace_id":"fca6aa83fe52b8fcce83b34800dba3f4","msg":"http request completed"}
{"level":30,"time":"2026-10-10T17:29:15.359Z","component":"api","duration_ms":219.7393000000011,"method":"POST","path":"/api/v1/auth/login","request_id":"6d5f4806-b189-4e34-b049-d0500d0e7a03","status_code":204,"trace_id":"6e902c0baa698900248892d5824eefcd","msg":"http request completed"}
{"level":30,"time":"2026-10-10T17:29:15.367Z","component":"api","duration_ms":3.726600000001781,"method":"GET","path":"/api/v1/auth/csrf","request_id":"1175d6ce-cf3d-456e-acfa-cf02b9b53653","status_code":200,"trace_id":"99dbc7147db5fe082bd288782edc38fd","msg":"http request completed"}
{"level":30,"time":"2026-10-10T17:29:15.388Z","component":"api","duration_ms":12.151300000004994,"method":"PATCH","path":"/api/v1/catalog/categories/195bbe4e-ec9c-4eef-885e-f16c64527dd6","request_id":"ed13735c-c92f-4da7-a6fe-13e73cd19fd6","status_code":428,"trace_id":"f2dddc4c3282bf671749bba6a3f09684","msg":"http request completed"}
{"level":30,"time":"2026-10-10T17:29:15.404Z","component":"api","duration_ms":11.849199999996927,"method":"PATCH","path":"/api/v1/catalog/categories/195bbe4e-ec9c-4eef-885e-f16c64527dd6","request_id":"198250de-e92f-40ea-b4e5-8a151aaa92f2","status_code":428,"trace_id":"6a66783a2109e1688dfcb156a723770d","msg":"http request completed"}
{"level":30,"time":"2026-10-10T17:29:15.421Z","component":"api","duration_ms":13.822599999999511,"method":"PATCH","path":"/api/v1/catalog/categories/195bbe4e-ec9c-4eef-885e-f16c64527dd6","request_id":"fbd2fdb2-129e-4303-981a-b482fd8412ef","status_code":400,"trace_id":"5ba70d7875f53037b9894117d466400f","msg":"http request completed"}
{"level":30,"time":"2026-10-10T17:29:15.440Z","component":"api","duration_ms":14.915999999997439,"method":"PATCH","path":"/api/v1/catalog/categories/195bbe4e-ec9c-4eef-885e-f16c64527dd6","request_id":"1ffc7679-d31e-4aa8-80bf-411b749fe6ac","status_code":400,"trace_id":"9831fe9b02e514a92e50f6b4f959bba4","msg":"http request completed"}
{"level":30,"time":"2026-10-10T17:29:15.460Z","component":"api","duration_ms":15.18409999999858,"method":"PATCH","path":"/api/v1/catalog/categories/195bbe4e-ec9c-4eef-885e-f16c64527dd6","request_id":"92b781fc-3e16-4d50-87de-32f4341eea8e","status_code":400,"trace_id":"4354c06ad1ccb2c456a8121d8714ac03","msg":"http request completed"}
{"level":30,"time":"2026-10-10T17:29:15.506Z","component":"api","duration_ms":42.206099999995786,"method":"PATCH","path":"/api/v1/catalog/categories/195bbe4e-ec9c-4eef-885e-f16c64527dd6","request_id":"3049bc7b-f1cc-4c65-a501-1c72b3ddebca","status_code":200,"trace_id":"62ab3febb1d211cedc7cce43ee7d63f2","msg":"http request completed"}
{"level":30,"time":"2026-10-10T17:29:15.533Z","component":"api","duration_ms":22.46379999999772,"method":"PATCH","path":"/api/v1/catalog/categories/195bbe4e-ec9c-4eef-885e-f16c64527dd6","request_id":"27d8a07a-544a-40cd-8b64-8b90ca2bc920","status_code":200,"trace_id":"d4a9d54eaed6268d2fda5f9ec3e54c4c","msg":"http request completed"}
{"level":30,"time":"2026-10-10T17:29:15.561Z","component":"api","duration_ms":22.94129999999859,"method":"PATCH","path":"/api/v1/catalog/categories/195bbe4e-ec9c-4eef-885e-f16c64527dd6","request_id":"c6feebdd-839e-4ee7-bd34-f6d70de3031f","status_code":409,"trace_id":"2011e5102798473715ef474939dc8648","msg":"http request completed"}
{"level":30,"time":"2026-10-10T17:29:15.998Z","component":"api","duration_ms":210.19150000000081,"method":"POST","path":"/api/v1/auth/login","request_id":"274e7e58-8cb3-4b4e-aefe-3f0a76269395","status_code":204,"trace_id":"561443a9667aa5e216a33c48804b39bb","msg":"http request completed"}
{"level":30,"time":"2026-10-10T17:29:16.010Z","component":"api","duration_ms":3.594599999996717,"method":"GET","path":"/api/v1/auth/csrf","request_id":"6a6ee635-8677-4f5d-8232-446296816adc","status_code":200,"trace_id":"922dfa206b3d2c3ca1d995e4fd449099","msg":"http request completed"}
{"level":30,"time":"2026-10-10T17:29:16.042Z","component":"api","duration_ms":28.505400000001828,"method":"PATCH","path":"/api/v1/catalog/categories/e7c857ec-7da9-4907-8ced-6691e9a07482","request_id":"adabd3ae-7a14-477d-bc41-0806ab4e5b09","status_code":200,"trace_id":"58bfcf54df92278312346e3c22d3958a","msg":"http request completed"}
{"level":30,"time":"2026-10-10T17:29:16.073Z","component":"api","duration_ms":26.114999999997963,"method":"PATCH","path":"/api/v1/catalog/categories/6d6758dc-f7d7-41cd-b4f1-80c9b43545fb","request_id":"99bc4bde-c255-44a2-9587-d160f839af0c","status_code":404,"trace_id":"fb5b21de0c5443b46507af23d7e2a5de","msg":"http request completed"}
{"level":30,"time":"2026-10-10T17:29:16.085Z","component":"api","duration_ms":8.742500000000291,"method":"PATCH","path":"/api/v1/catalog/categories/6d6758dc-f7d7-41cd-b4f1-80c9b43545fb","request_id":"3dbec840-74b8-4a0f-a9cf-3825154982be","status_code":403,"trace_id":"b2432d004f27603f2b663b1680e2bb35","msg":"http request completed"}
{"level":30,"time":"2026-10-10T17:29:16.549Z","component":"api","duration_ms":229.86329999999725,"method":"POST","path":"/api/v1/auth/login","request_id":"fc1220ce-ab87-425f-aefd-7c9a8e65793f","status_code":204,"trace_id":"14c78d964d1f49ce87bfa0f21b878c6a","msg":"http request completed"}
{"level":30,"time":"2026-10-10T17:29:16.561Z","component":"api","duration_ms":7.424899999998161,"method":"GET","path":"/api/v1/auth/csrf","request_id":"a345209d-a9f5-41d1-8747-a7ea7385f997","status_code":200,"trace_id":"8e661a70663068efb37a13d48a55c360","msg":"http request completed"}
{"level":30,"time":"2026-10-10T17:29:16.612Z","component":"api","duration_ms":47.292600000000675,"method":"PATCH","path":"/api/v1/catalog/categories/5c1461b3-6dc6-4296-8580-4eddf431c7c8","request_id":"059a7007-3170-4491-9c0e-bd8bdb213a75","status_code":403,"trace_id":"a0b7ff0e35753ab45de9500fd07e776d","msg":"http request completed"}
{"level":30,"time":"2026-10-10T17:29:16.671Z","component":"api","duration_ms":54.35280000000057,"method":"PATCH","path":"/api/v1/catalog/categories/0b7e42f5-6242-4d19-8995-099ef98a2b34","request_id":"1f69f884-aa70-407b-9f23-5b12f7e0370e","status_code":403,"trace_id":"d22e3a09ded27ad06928ac339aaf319f","msg":"http request completed"}
{"level":30,"time":"2026-10-10T17:29:16.700Z","component":"api","duration_ms":23.030400000003283,"method":"PATCH","path":"/api/v1/catalog/categories/0b7e42f5-6242-4d19-8995-099ef98a2b34","request_id":"4934a08e-5f03-4895-bbba-5d81205bf588","status_code":403,"trace_id":"79403bc6420bf6ddbd6bb77b328751f7","msg":"http request completed"}
{"level":30,"time":"2026-10-10T17:29:17.183Z","component":"api","duration_ms":223.95219999999972,"method":"POST","path":"/api/v1/auth/login","request_id":"40b1162f-560b-48c1-a9b0-48704c1f364f","status_code":204,"trace_id":"f95f4d7dd0219455d837b33a4fe305e0","msg":"http request completed"}
{"level":30,"time":"2026-10-10T17:29:17.191Z","component":"api","duration_ms":3.770599999996193,"method":"GET","path":"/api/v1/auth/csrf","request_id":"0ef459ed-4e0c-4722-b6e0-7a630ac7f0ab","status_code":200,"trace_id":"691e86cdb3305edc27a582726618c33d","msg":"http request completed"}
{"level":30,"time":"2026-10-10T17:29:17.213Z","component":"api","duration_ms":17.536999999996624,"method":"PATCH","path":"/api/v1/catalog/categories/46385650-4d5b-4dfc-a15a-8a314c4c1bf9","request_id":"401e873f-2b2c-4315-ba1f-41c82ce23184","status_code":403,"trace_id":"54fdae7758f6fd7b54ca6cc13621dae4","msg":"http request completed"}
{"level":30,"time":"2026-10-10T17:29:17.234Z","component":"api","duration_ms":17.93579999999929,"method":"PATCH","path":"/api/v1/catalog/categories/18f4332e-6862-4adc-9535-74e3cc0ba15e","request_id":"a07e04a7-11df-4cd6-86f4-015e4b89a939","status_code":403,"trace_id":"5ea688c401d4d0d515948fc42d2c7dd0","msg":"http request completed"}
{"level":30,"time":"2026-10-10T17:29:17.248Z","component":"api","duration_ms":9.352500000000873,"method":"PATCH","path":"/api/v1/catalog/categories/18f4332e-6862-4adc-9535-74e3cc0ba15e","request_id":"0da98b5e-4178-4b1f-a20f-0b6d7498ccc0","status_code":403,"trace_id":"9ac662188a70abece7011a02326858da","msg":"http request completed"}
{"level":30,"time":"2026-10-10T17:29:17.477Z","component":"api","duration_ms":220.6166000000012,"method":"POST","path":"/api/v1/auth/login","request_id":"d93bc124-f365-450d-ad56-e6f22d2d89ec","status_code":204,"trace_id":"9a46b1b7513c8defcce8d16ec2ecac9b","msg":"http request completed"}
{"level":30,"time":"2026-10-10T17:29:17.484Z","component":"api","duration_ms":3.335399999996298,"method":"GET","path":"/api/v1/auth/csrf","request_id":"ffb2a69b-e9db-44ab-bc37-ac032d54a56b","status_code":200,"trace_id":"16e77e9e140cc616299242cda6702ab5","msg":"http request completed"}
{"level":30,"time":"2026-10-10T17:29:17.542Z","component":"api","duration_ms":53.90929999999935,"method":"POST","path":"/api/v1/expense-categories","request_id":"0884f1cf-dca6-4d56-bd1b-777c787d25c4","status_code":201,"trace_id":"139368aacca1c8200ba76db145c40bf7","msg":"http request completed"}
{"level":30,"time":"2026-10-10T17:29:17.565Z","component":"api","duration_ms":18.975600000005215,"method":"GET","path":"/api/v1/expense-categories","request_id":"50b73aac-4c93-4a00-b36b-948e07181018","status_code":200,"trace_id":"f5899d0d9f304f69909db1f4fa4cdf82","msg":"http request completed"}
{"level":30,"time":"2026-10-10T17:29:17.599Z","component":"api","duration_ms":28.982100000001083,"method":"PATCH","path":"/api/v1/expense-categories/b9ba67be-e301-468c-ba19-5ff28a4b23ff/status","request_id":"f7aea87b-712a-4c85-8c8b-1565efccc4ab","status_code":200,"trace_id":"e269af34b9ba2d7fa5cc032e62c6c3c2","msg":"http request completed"}
{"level":30,"time":"2026-10-10T17:29:17.619Z","component":"api","duration_ms":15.88239999999496,"method":"GET","path":"/api/v1/expense-categories/active","request_id":"1cc65d72-35ae-4a1e-baeb-46e8fcdc4f3a","status_code":200,"trace_id":"0cef37e15e3596c532bd6b6274239bdd","msg":"http request completed"}
{"level":30,"time":"2026-10-10T17:29:17.659Z","component":"api","duration_ms":32.63110000000597,"method":"DELETE","path":"/api/v1/expense-categories/b9ba67be-e301-468c-ba19-5ff28a4b23ff","request_id":"f3ec457d-c637-46a6-bff1-ea60dbc56bd5","status_code":200,"trace_id":"559b2b678a721e189dfa9e827b3ae497","msg":"http request completed"}
{"level":30,"time":"2026-10-10T17:29:17.896Z","component":"api","duration_ms":231.95969999999943,"method":"POST","path":"/api/v1/auth/login","request_id":"8cc08a2b-16cb-4c50-8f0f-0ccb7e25d5bc","status_code":204,"trace_id":"acbad72680d310776547096fc5aef97e","msg":"http request completed"}
{"level":30,"time":"2026-10-10T17:29:17.905Z","component":"api","duration_ms":4.451200000003155,"method":"GET","path":"/api/v1/auth/csrf","request_id":"cbaa6895-a69b-4162-ad8a-6e21e121cf58","status_code":200,"trace_id":"3e76c715fc697f3227bf18eabc4d63f9","msg":"http request completed"}
{"level":30,"time":"2026-10-10T17:29:17.927Z","component":"api","duration_ms":14.52900000000227,"method":"PATCH","path":"/api/v1/catalog/items/5ace0984-60c4-4af4-81f4-3c803a8c8089/price","request_id":"b28f0eeb-c693-41dc-b68d-e4736c2e3a3a","status_code":400,"trace_id":"4ef2713a910260b399176dff97c9948a","msg":"http request completed"}
{"level":30,"time":"2026-10-10T17:29:17.945Z","component":"api","duration_ms":13.84780000000319,"method":"PATCH","path":"/api/v1/catalog/items/5ace0984-60c4-4af4-81f4-3c803a8c8089/price","request_id":"2c07b26a-83b7-447d-8c3b-3f43af7395b4","status_code":400,"trace_id":"133fe0ef8e1af8858ce8e92d280b048c","msg":"http request completed"}
{"level":30,"time":"2026-10-10T17:29:17.963Z","component":"api","duration_ms":13.907500000001164,"method":"PATCH","path":"/api/v1/catalog/items/5ace0984-60c4-4af4-81f4-3c803a8c8089/price","request_id":"8a630128-fabc-44f6-9346-5f441bf04e6d","status_code":400,"trace_id":"4182562db224c828004b5c9974de35be","msg":"http request completed"}
{"level":30,"time":"2026-10-10T17:29:18.008Z","component":"api","duration_ms":41.00940000000264,"method":"PATCH","path":"/api/v1/catalog/items/5ace0984-60c4-4af4-81f4-3c803a8c8089/price","request_id":"cd0ddd1b-89d8-4bda-996e-3bff5e4c312a","status_code":200,"trace_id":"4b48c447302a6d127ef9fd453fbe4375","msg":"http request completed"}
{"level":30,"time":"2026-10-10T17:29:18.038Z","component":"api","duration_ms":26.051299999999173,"method":"PATCH","path":"/api/v1/catalog/items/5ace0984-60c4-4af4-81f4-3c803a8c8089/price","request_id":"0c75c0c4-5b57-441e-984a-a1f59a19180d","status_code":200,"trace_id":"1079a5e76b0a3f95a3671aa10ff8fcb1","msg":"http request completed"}
{"level":30,"time":"2026-10-10T17:29:18.500Z","component":"api","duration_ms":225.4074999999939,"method":"POST","path":"/api/v1/auth/login","request_id":"cb2cc773-af61-4ec8-9c97-4cd52ad82928","status_code":204,"trace_id":"777ca6de02f685490f55ef713affa7c0","msg":"http request completed"}
{"level":30,"time":"2026-10-10T17:29:18.509Z","component":"api","duration_ms":4.023000000001048,"method":"GET","path":"/api/v1/auth/csrf","request_id":"2df1988e-a8bd-4177-afb9-c143848677ee","status_code":200,"trace_id":"7b47273da5c80a0c7914b6213099fd7f","msg":"http request completed"}
{"level":30,"time":"2026-10-10T17:29:18.633Z","component":"api","duration_ms":119.79680000000371,"method":"POST","path":"/api/v1/users/invitations/bf018a2c-6df2-46f3-af79-3e5433dbf1c0/resend","request_id":"5143bb07-599e-4a1f-a055-5dfe562598e6","status_code":201,"trace_id":"396957f9d53ce0bcdd11a5eb8aaab68c","msg":"http request completed"}
{"level":30,"time":"2026-10-10T17:29:18.668Z","component":"api","duration_ms":30.040600000000268,"method":"POST","path":"/api/v1/users/invitations/bf018a2c-6df2-46f3-af79-3e5433dbf1c0/resend","request_id":"73b1c2ca-7933-4100-ab78-c474b5cf8434","status_code":201,"trace_id":"6e0a4a2d054f8c3dada8433d8364a13b","msg":"http request completed"}
{"level":30,"time":"2026-10-10T17:29:18.678Z","component":"api","duration_ms":5.566299999998591,"method":"POST","path":"/api/v1/auth/accept-invitation","request_id":"99bad199-f5d3-4ff1-a14a-61ab50082a32","status_code":400,"trace_id":"c89139d0825c52754e5338e4d87ff8d5","msg":"http request completed"}
{"level":30,"time":"2026-10-10T17:29:18.708Z","component":"api","duration_ms":21.901400000002468,"method":"POST","path":"/api/v1/auth/accept-invitation","request_id":"54b7859a-6e4c-4bb1-aed5-0b2e5ab49045","status_code":201,"trace_id":"d5a1a0eecc369177b3d3bc6d828a2299","msg":"http request completed"}

 Test Files  3 passed (3)
      Tests  47 passed (47)
   Start at  14:28:22
   Duration  57.05s (transform 4.66s, setup 0ms, import 23.84s, tests 31.83s, environment 0ms)

