
 RUN  v4.1.11 C:/Users/tobib/OneDrive/Escritorio/Uco Digital/UcoGestion/apps/api

{"level":30,"time":"2026-10-10T21:50:15.408Z","component":"api","duration_ms":9.613499999999476,"method":"GET","path":"/api/v1/organizations","request_id":"ade05933-1b34-478c-98ae-fcbe43b4f779","status_code":401,"trace_id":"c6db5fcd5e3b36ed8e0f9908432b1864","msg":"http request completed"}
{"level":30,"time":"2026-10-10T21:50:15.417Z","component":"api","duration_ms":4.535700000000361,"method":"GET","path":"/api/v1/organizations/settings","request_id":"61d46149-0d75-4b43-b50d-0bf4044341f8","status_code":401,"trace_id":"570e2e095e00b3c542c4a1aba7ece810","msg":"http request completed"}
{"level":30,"time":"2026-10-10T21:50:15.455Z","component":"api","duration_ms":36.65610000000015,"method":"GET","path":"/api/v1/branches","request_id":"afad6460-224c-4e16-8931-6795eebaa5e2","status_code":401,"trace_id":"bc4e686efdcf4c203952d83db26a32f7","msg":"http request completed"}
{"level":30,"time":"2026-10-10T21:50:15.946Z","component":"api","duration_ms":405.6875,"method":"POST","path":"/api/v1/auth/login","request_id":"502ac606-99ca-44b4-8e07-88a21d027c46","status_code":204,"trace_id":"cae261608be96043c3474b47a7375d83","msg":"http request completed"}
{"level":30,"time":"2026-10-10T21:50:17.296Z","component":"api","duration_ms":3.738099999995029,"method":"GET","path":"/api/v1/organizations","request_id":"6208bc43-0471-4711-a61b-1406684934b2","status_code":401,"trace_id":"1cfe6b1bc69b41b3826c70feafba77f2","msg":"http request completed"}
{"level":30,"time":"2026-10-10T21:50:17.300Z","component":"api","duration_ms":2.4820999999938067,"method":"GET","path":"/api/v1/organizations/settings","request_id":"bfecef81-d6bd-47dc-932b-95f060e488f0","status_code":401,"trace_id":"f9f0975a941ca7c09d0ada9d8162c57d","msg":"http request completed"}
{"level":30,"time":"2026-10-10T21:50:17.303Z","component":"api","duration_ms":1.9104000000006636,"method":"GET","path":"/api/v1/branches","request_id":"6035c65d-78af-4a65-af35-daae2781e697","status_code":401,"trace_id":"50ab952ed7e76e0a8bd793ea1eee6ec1","msg":"http request completed"}
{"level":30,"time":"2026-10-10T21:50:18.954Z","component":"api","duration_ms":90.18420000000333,"method":"GET","path":"/api/v1/organizations","request_id":"4b39552a-bda9-45a3-9277-37893a1ed4cd","status_code":200,"trace_id":"40465056408c098661293ad53cd13143","msg":"http request completed"}
{"level":30,"time":"2026-10-10T21:50:18.988Z","component":"api","duration_ms":120.62170000000333,"method":"GET","path":"/api/v1/organizations/settings","request_id":"73d7ed50-4417-4e11-aa4f-f84e6c7b5731","status_code":200,"trace_id":"61de60427cf4d5c71e404ad4e6b291bb","msg":"http request completed"}
{"level":30,"time":"2026-10-10T21:50:19.135Z","component":"api","duration_ms":265.1892999999982,"method":"GET","path":"/api/v1/branches","request_id":"f9bb27d4-15d0-46cf-af2f-bd0f19c51a6a","status_code":200,"trace_id":"e2d9d8eec1f92c6f922ad6436e1cb715","msg":"http request completed"}
{"level":30,"time":"2026-10-10T21:50:19.258Z","component":"api","duration_ms":222.58239999999932,"method":"GET","path":"/api/v1/dashboard","request_id":"5c8372d9-ec85-496a-9433-172431712b55","status_code":200,"trace_id":"64f2e1ca88c2cfcab2b86ed67b72dab7","msg":"http request completed"}
{"level":30,"time":"2026-10-10T21:50:22.064Z","component":"api","duration_ms":39.286900000006426,"method":"GET","path":"/api/v1/organizations","request_id":"ae6cef84-6262-48c0-b8b1-193b6bf4f262","status_code":200,"trace_id":"a17cfcfbff7938062b7432ee682d495b","msg":"http request completed"}
{"level":30,"time":"2026-10-10T21:50:22.082Z","component":"api","duration_ms":54.21549999999843,"method":"GET","path":"/api/v1/organizations/settings","request_id":"e05f0a11-e8ee-4f49-9724-09b6f36b15bc","status_code":200,"trace_id":"f7e8fef69d1daa55a2d87bb2945db209","msg":"http request completed"}
{"level":30,"time":"2026-10-10T21:50:22.087Z","component":"api","duration_ms":58.582000000002154,"method":"GET","path":"/api/v1/branches","request_id":"019e9987-b4d1-402a-8ea5-057b1e803a7e","status_code":200,"trace_id":"183d968b64c197d4d4ff077eadcbae33","msg":"http request completed"}
{"level":30,"time":"2026-10-10T21:50:22.184Z","component":"api","duration_ms":65.25070000000414,"method":"GET","path":"/api/v1/dashboard","request_id":"9fe42961-18b4-4f52-98ff-5f1def032fca","status_code":200,"trace_id":"3a3b5b3541315c625e924418210a0bea","msg":"http request completed"}
{"level":30,"time":"2026-10-10T21:50:22.228Z","component":"api","duration_ms":12.92280000000028,"method":"GET","path":"/api/v1/auth/csrf","request_id":"5d943a81-ae98-4b5e-ba21-d91b3d6f3c6c","status_code":200,"trace_id":"8f5e6385a87bc5acf555e37cfbb6feab","msg":"http request completed"}
{"level":30,"time":"2026-10-10T21:50:22.258Z","component":"api","duration_ms":20.717499999998836,"method":"POST","path":"/api/v1/organizations/f9b60faf-a793-454d-897d-e967f976aed1/select","request_id":"5ca31fb5-857d-4eaa-99d1-8efb1e94f2ab","status_code":201,"trace_id":"912f0a85ec7da4d2e4534f8216544983","msg":"http request completed"}
{"level":30,"time":"2026-10-10T21:50:22.319Z","component":"api","duration_ms":18.62260000000242,"method":"GET","path":"/api/v1/organizations","request_id":"f4f43f3f-0682-4286-af57-2e9ab3cc348f","status_code":200,"trace_id":"bec9ea9a5b16428b1d6645bc39afdec4","msg":"http request completed"}
{"level":30,"time":"2026-10-10T21:50:22.341Z","component":"api","duration_ms":37.81489999999758,"method":"GET","path":"/api/v1/organizations/settings","request_id":"bdf4885c-7e62-454a-b7ad-4752217945ba","status_code":200,"trace_id":"25beb1bca659e8475929a9d0e2ce7380","msg":"http request completed"}
{"level":30,"time":"2026-10-10T21:50:22.350Z","component":"api","duration_ms":45.54070000000502,"method":"GET","path":"/api/v1/branches","request_id":"8823e9a4-aa7f-4f99-a298-2474d98ee9ba","status_code":200,"trace_id":"2e5570d5bb8330eda186ec17c74596fa","msg":"http request completed"}
{"level":30,"time":"2026-10-10T21:50:22.394Z","component":"api","duration_ms":34.79750000000058,"method":"GET","path":"/api/v1/dashboard","request_id":"72153d86-d418-4b1b-a81c-384289c0065c","status_code":200,"trace_id":"053d632eea747167647bdeda23008295","msg":"http request completed"}
{"level":30,"time":"2026-10-10T21:50:30.514Z","component":"api","duration_ms":1.8169999999954598,"method":"GET","path":"/api/v1/auth/csrf","request_id":"9c4d831c-4bbc-467f-889b-9b692751837b","status_code":401,"trace_id":"5e1569d7061f18307781a6e626aaf8cc","msg":"http request completed"}
{"level":30,"time":"2026-10-10T21:50:30.531Z","component":"api","duration_ms":1.5705000000016298,"method":"POST","path":"/api/v1/offline/bootstrap","request_id":"7bc36215-15fe-4742-9c99-0df98e79efb4","status_code":401,"trace_id":"01e3d9e9849875e3a182cbaf07dd6a95","msg":"http request completed"}
{"level":30,"time":"2026-10-10T21:50:30.991Z","component":"api","duration_ms":391.7228999999934,"method":"POST","path":"/api/v1/auth/login","request_id":"29e0b961-ffc8-4efd-9018-ba022fa74ac9","status_code":204,"trace_id":"29218cd51d9edafeb8c75f8f60037198","msg":"http request completed"}
{"level":30,"time":"2026-10-10T21:50:31.029Z","component":"api","duration_ms":6.549700000003213,"method":"GET","path":"/api/v1/auth/csrf","request_id":"ab5b0e6b-821d-4e9f-9116-ea4da8583486","status_code":200,"trace_id":"0f3f7fd6ea4ea6bb0cbb419a8604717b","msg":"http request completed"}
{"level":30,"time":"2026-10-10T21:50:31.126Z","component":"api","duration_ms":86.48200000000361,"method":"POST","path":"/api/v1/offline/bootstrap","request_id":"41cfebdb-bab0-4b20-b2c3-9858de9cdfe2","status_code":403,"trace_id":"1b97ef09d7f2ddcd1a6ae96c846c9e77","msg":"http request completed"}
{"level":30,"time":"2026-10-10T21:50:31.168Z","component":"api","duration_ms":8.065999999991618,"method":"GET","path":"/api/v1/auth/csrf","request_id":"ebfdecb1-47cf-4363-85e6-0dd442ccfab4","status_code":200,"trace_id":"8f95704bc5543ed328a4a58a4fe673af","msg":"http request completed"}
{"level":30,"time":"2026-10-10T21:50:31.296Z","component":"api","duration_ms":105.24210000000312,"method":"POST","path":"/api/v1/devices/authorize-pos","request_id":"ee072d4e-88d3-4d25-a76c-f9af599163ed","status_code":201,"trace_id":"60f8bc4c066b550f38422d6b9f3ee5f4","msg":"http request completed"}
{"level":30,"time":"2026-10-10T21:50:31.646Z","component":"api","duration_ms":13.545299999997951,"method":"GET","path":"/api/v1/auth/csrf","request_id":"288cd535-717f-4f97-8887-24184180ac5c","status_code":200,"trace_id":"d0e08c39de7911a14e68d58ea522dcab","msg":"http request completed"}
{"level":30,"time":"2026-10-10T21:50:31.829Z","component":"api","duration_ms":170.53239999999641,"method":"POST","path":"/api/v1/offline/bootstrap","request_id":"5b3beb1a-e42a-4d27-b24c-633d74a083c6","status_code":201,"trace_id":"9e824fd58b038a883eefe0b5e5427c43","msg":"http request completed"}
{"level":30,"time":"2026-10-10T21:50:31.868Z","component":"api","duration_ms":7.131500000003143,"method":"GET","path":"/api/v1/auth/csrf","request_id":"c5171ff9-eaf4-428e-9ab4-462765c5e113","status_code":200,"trace_id":"2ca7886ccc30d8ff1f8efcd7278dd70b","msg":"http request completed"}
{"level":30,"time":"2026-10-10T21:50:32.008Z","component":"api","duration_ms":125.61790000001201,"method":"POST","path":"/api/v1/offline/authorize","request_id":"a119820f-e92e-41d0-b40c-6c5f47d3d35e","status_code":409,"trace_id":"fa4bc3660fc9c081d48586e0c54cc519","msg":"http request completed"}
{"level":30,"time":"2026-10-10T21:50:32.082Z","component":"api","duration_ms":7.391400000007707,"method":"GET","path":"/api/v1/auth/csrf","request_id":"852e66ad-4942-47e2-835c-92398625c872","status_code":200,"trace_id":"0eba0f0cd734a800f022a2befea4bc65","msg":"http request completed"}
{"level":30,"time":"2026-10-10T21:50:32.203Z","component":"api","duration_ms":91.31139999999141,"method":"POST","path":"/api/v1/offline/authorize","request_id":"cbe233db-0609-4982-8098-5d1f015f7b87","status_code":201,"trace_id":"6b82551caabc5fe44375ba52dd078593","msg":"http request completed"}

 Test Files  1 passed (1)
      Tests  1 passed (1)
   Start at  18:49:23
   Duration  72.15s (transform 2.90s, setup 0ms, import 11.30s, tests 60.34s, environment 0ms)

