
 RUN  v4.1.11 C:/Users/tobib/OneDrive/Escritorio/Uco Digital/UcoGestion/apps/api

{"level":30,"time":"2026-10-10T21:40:06.258Z","component":"api","duration_ms":9.237700000005134,"method":"GET","path":"/api/v1/organizations","request_id":"44a4a612-6917-4bee-8870-633792ab1c8b","status_code":401,"trace_id":"e154d785bc8172a306dc5d959fe7b385","msg":"http request completed"}
{"level":30,"time":"2026-10-10T21:40:06.263Z","component":"api","duration_ms":2.283800000004703,"method":"GET","path":"/api/v1/organizations/settings","request_id":"b91089a4-c097-4c23-9dfb-d2295b9cde59","status_code":401,"trace_id":"33ab5086c6a5e369c00e77f8c7355e04","msg":"http request completed"}
{"level":30,"time":"2026-10-10T21:40:06.265Z","component":"api","duration_ms":1.1437000000005355,"method":"GET","path":"/api/v1/branches","request_id":"c1bb1494-97b6-45fe-b00e-75fa133cce6f","status_code":401,"trace_id":"e877ed469149b52b478da10fc4aa4c9b","msg":"http request completed"}
{"level":30,"time":"2026-10-10T21:40:06.933Z","component":"api","duration_ms":540.5220000000045,"method":"POST","path":"/api/v1/auth/login","request_id":"d215ae68-9500-436f-ab01-4a9443301e92","status_code":204,"trace_id":"7ba30ee383127c4f07fd14318159f1a1","msg":"http request completed"}
{"level":30,"time":"2026-10-10T21:40:07.399Z","component":"api","duration_ms":1.4297999999980675,"method":"GET","path":"/api/v1/organizations","request_id":"63a2b116-62d1-4a2b-a772-7481cbe07289","status_code":401,"trace_id":"3796968782a829650a6cd68f548d3623","msg":"http request completed"}
{"level":30,"time":"2026-10-10T21:40:07.401Z","component":"api","duration_ms":1.0639999999984866,"method":"GET","path":"/api/v1/organizations/settings","request_id":"22b33b00-8cdc-4219-9139-298a7ea9d392","status_code":401,"trace_id":"29f6d8f9defa25c32bdce3691600254f","msg":"http request completed"}
{"level":30,"time":"2026-10-10T21:40:07.402Z","component":"api","duration_ms":0.888200000001234,"method":"GET","path":"/api/v1/branches","request_id":"5af29995-039e-45ea-9a9a-5195ea6527d8","status_code":401,"trace_id":"1153258788a87f004c49b0de81b077e7","msg":"http request completed"}
{"level":30,"time":"2026-10-10T21:40:08.991Z","component":"api","duration_ms":47.9658000000054,"method":"GET","path":"/api/v1/organizations","request_id":"2b13f46d-62f4-40ee-bb3c-356522884305","status_code":200,"trace_id":"cf914b4c3e9ee399ca5d03b51fa0a401","msg":"http request completed"}
{"level":30,"time":"2026-10-10T21:40:09.029Z","component":"api","duration_ms":83.7245000000039,"method":"GET","path":"/api/v1/organizations/settings","request_id":"3bd82b6e-b001-4325-80c1-d4ec041d584b","status_code":200,"trace_id":"398975188b9439c8d34de9d52a88c588","msg":"http request completed"}
{"level":30,"time":"2026-10-10T21:40:09.063Z","component":"api","duration_ms":116.79169999999431,"method":"GET","path":"/api/v1/branches","request_id":"c9a27a5a-172b-4cbe-b1e0-18d305f28cda","status_code":200,"trace_id":"e13ee927fedeab2b747c4c996d0d1714","msg":"http request completed"}
{"level":30,"time":"2026-10-10T21:40:09.218Z","component":"api","duration_ms":95.66419999999925,"method":"GET","path":"/api/v1/dashboard","request_id":"35b32dcd-855a-4bd8-932e-e6326293e54b","status_code":200,"trace_id":"3a68af44ec74469d9b66fe4d89c5a206","msg":"http request completed"}
{"level":30,"time":"2026-10-10T21:40:10.620Z","component":"api","duration_ms":7.111100000001898,"method":"GET","path":"/api/v1/auth/csrf","request_id":"14653b6c-53d3-48dd-a3f7-320233f8a079","status_code":200,"trace_id":"04d1512290162c5bee3421535ac60407","msg":"http request completed"}
{"level":30,"time":"2026-10-10T21:40:10.663Z","component":"api","duration_ms":28.439699999995355,"method":"POST","path":"/api/v1/organizations/d65e594b-9e95-4e1a-ad3a-ef07f5e35779/select","request_id":"18a31906-0c95-4080-8e6a-29d5bf4897d0","status_code":201,"trace_id":"df958caca204e870f6f1d62c21da8ba8","msg":"http request completed"}
{"level":30,"time":"2026-10-10T21:40:10.734Z","component":"api","duration_ms":44.776800000006915,"method":"GET","path":"/api/v1/organizations/settings","request_id":"b693efaa-2b66-4020-a282-992bc963df6e","status_code":200,"trace_id":"98ec629811f9fae5e2dc64b16b036473","msg":"http request completed"}
{"level":30,"time":"2026-10-10T21:40:10.767Z","component":"api","duration_ms":76.22980000000098,"method":"GET","path":"/api/v1/branches","request_id":"b4b48053-a2ec-48e4-a252-1ecc555168fe","status_code":200,"trace_id":"c7d6eacfc8e830dc097fa58e9e854eef","msg":"http request completed"}
{"level":30,"time":"2026-10-10T21:40:10.877Z","component":"api","duration_ms":115.16679999999906,"method":"GET","path":"/api/v1/dashboard","request_id":"650a820e-0172-4fdd-bd7f-60213b286dab","status_code":200,"trace_id":"cbb21a8c1153c6c6fbe55a127a9c1cee","msg":"http request completed"}
 ❯ test/organization-switch-browser.e2e.ts (1 test | 1 failed) 50605ms
   × RF-03 switches real backend memberships and retires previous offline access without losing delivery 28921ms

⎯⎯⎯⎯⎯⎯⎯ Failed Tests 1 ⎯⎯⎯⎯⎯⎯⎯

 FAIL  test/organization-switch-browser.e2e.ts > RF-03 switches real backend memberships and retires previous offline access without losing delivery
Error: {
  "isError": true,
  "error": "Error: Previous offline identity still authorized"
}

 ❯ cli test/organization-switch-browser.e2e.ts:76:119
     74|         `-s=${session}`, ...args, '--json'], { cwd: root, windowsHide:…
     75|     } catch (error) {
     76|       if (typeof error === 'object' && error !== null && 'stdout' in e…
       |                                                                                                                       ^
     77|       throw error;
     78|     }
 ❯ test/organization-switch-browser.e2e.ts:87:20

Caused by: Error: Command failed: C:\Program Files\nodejs\node.exe C:\Users\tobib\OneDrive\Escritorio\Uco Digital\UcoGestion\node_modules\.pnpm\@playwright+cli@0.1.22\node_modules\@playwright\cli\playwright-cli.js -s=category-8662cf02 run-code --filename C:\Users\tobib\OneDrive\Escritorio\Uco Digital\UcoGestion\apps\web\test\browser\organization-switch.mjs --json

⎯⎯⎯⎯⎯⎯⎯⎯⎯⎯⎯⎯⎯⎯⎯⎯⎯⎯⎯⎯⎯⎯⎯⎯⎯⎯⎯⎯⎯⎯
Serialized Error: { code: 1, killed: false, signal: null, cmd: 'C:\Program Files\nodejs\node.exe C:\Users\tobib\OneDrive\Escritorio\Uco Digital\UcoGestion\node_modules\.pnpm\@playwright+cli@0.1.22\node_modules\@playwright\cli\playwright-cli.js -s=category-8662cf02 run-code --filename C:\Users\tobib\OneDrive\Escritorio\Uco Digital\UcoGestion\apps\web\test\browser\organization-switch.mjs --json', stdout: '{\n  "isError": true,\n  "error": "Error: Previous offline identity still authorized"\n}\n', stderr: '' }
⎯⎯⎯⎯⎯⎯⎯⎯⎯⎯⎯⎯⎯⎯⎯⎯⎯⎯⎯⎯⎯⎯⎯⎯[1/1]⎯


 Test Files  1 failed (1)
      Tests  1 failed (1)
   Start at  18:39:06
   Duration  66.96s (transform 2.93s, setup 0ms, import 15.82s, tests 50.61s, environment 0ms)

undefined
C:\Users\tobib\OneDrive\Escritorio\Uco Digital\UcoGestion\apps\api:
[ERR_PNPM_RECURSIVE_EXEC_FIRST_FAIL] Command failed with exit code 1: vitest run --config vitest.authorization-browser.config.mts
