// Vitest Snapshot v1, https://vitest.dev/guide/snapshot.html

exports[`OpenAPI contract > keeps a snapshot of the public API schema 1`] = `
{
  "components": {
    "schemas": {},
  },
  "info": {
    "contact": {},
    "description": "Contrato HTTP versionado del MVP UcoNext.",
    "title": "UcoNext API",
    "version": "v1",
  },
  "openapi": "3.0.0",
  "paths": {
    "/api/v1": {
      "get": {
        "operationId": "AppController_getDescriptor",
        "parameters": [],
        "responses": {
          "200": {
            "description": "",
          },
        },
        "tags": [
          "App",
        ],
      },
    },
    "/api/v1/auth/accept-invitation": {
      "post": {
        "operationId": "AuthController_acceptInvitation",
        "parameters": [],
        "responses": {
          "201": {
            "description": "",
          },
        },
        "tags": [
          "Auth",
        ],
      },
    },
    "/api/v1/auth/csrf": {
      "get": {
        "operationId": "AuthController_getCsrfToken",
        "parameters": [],
        "responses": {
          "200": {
            "description": "",
          },
        },
        "tags": [
          "Auth",
        ],
      },
    },
    "/api/v1/auth/forgot-password": {
      "post": {
        "operationId": "AuthController_forgotPassword",
        "parameters": [],
        "responses": {
          "202": {
            "description": "",
          },
        },
        "tags": [
          "Auth",
        ],
      },
    },
    "/api/v1/auth/login": {
      "post": {
        "operationId": "AuthController_login",
        "parameters": [],
        "responses": {
          "204": {
            "description": "",
          },
        },
        "tags": [
          "Auth",
        ],
      },
    },
    "/api/v1/auth/logout": {
      "post": {
        "operationId": "AuthController_logout",
        "parameters": [],
        "responses": {
          "204": {
            "description": "",
          },
        },
        "tags": [
          "Auth",
        ],
      },
    },
    "/api/v1/auth/reset-password": {
      "post": {
        "operationId": "AuthController_resetPassword",
        "parameters": [],
        "responses": {
          "204": {
            "description": "",
          },
        },
        "tags": [
          "Auth",
        ],
      },
    },
    "/api/v1/branches": {
      "get": {
        "operationId": "BranchesController_read",
        "parameters": [],
        "responses": {
          "200": {
            "description": "",
          },
        },
        "tags": [
          "Branches",
        ],
      },
      "post": {
        "operationId": "BranchesController_create",
        "parameters": [],
        "responses": {
          "201": {
            "description": "",
          },
        },
        "tags": [
          "Branches",
        ],
      },
    },
    "/api/v1/branches/{branchId}/cash-registers": {
      "get": {
        "operationId": "BranchesController_listCashRegisters",
        "parameters": [
          {
            "in": "path",
            "name": "branchId",
            "required": true,
            "schema": {
              "type": "string",
            },
          },
        ],
        "responses": {
          "200": {
            "description": "",
          },
        },
        "tags": [
          "Branches",
        ],
      },
      "post": {
        "operationId": "BranchesController_createCashRegister",
        "parameters": [
          {
            "in": "path",
            "name": "branchId",
            "required": true,
            "schema": {
              "type": "string",
            },
          },
        ],
        "responses": {
          "201": {
            "description": "",
          },
        },
        "tags": [
          "Branches",
        ],
      },
    },
    "/api/v1/branches/{branchId}/cash-registers/{cashRegisterId}": {
      "patch": {
        "operationId": "BranchesController_renameCashRegister",
        "parameters": [
          {
            "in": "path",
            "name": "branchId",
            "required": true,
            "schema": {
              "type": "string",
            },
          },
          {
            "in": "path",
            "name": "cashRegisterId",
            "required": true,
            "schema": {
              "type": "string",
            },
          },
        ],
        "responses": {
          "200": {
            "description": "",
          },
        },
        "tags": [
          "Branches",
        ],
      },
    },
    "/api/v1/branches/{branchId}/cash-registers/{cashRegisterId}/deactivate": {
      "patch": {
        "operationId": "BranchesController_deactivateCashRegister",
        "parameters": [
          {
            "in": "path",
            "name": "branchId",
            "required": true,
            "schema": {
              "type": "string",
            },
          },
          {
            "in": "path",
            "name": "cashRegisterId",
            "required": true,
            "schema": {
              "type": "string",
            },
          },
        ],
        "responses": {
          "200": {
            "description": "",
          },
        },
        "tags": [
          "Branches",
        ],
      },
    },
    "/api/v1/catalog/categories": {
      "get": {
        "operationId": "CatalogReadController_readCategories",
        "parameters": [],
        "responses": {
          "200": {
            "description": "",
          },
        },
        "tags": [
          "CatalogRead",
        ],
      },
      "post": {
        "operationId": "CatalogLifecycleController_createCategory",
        "parameters": [],
        "responses": {
          "201": {
            "description": "",
          },
        },
        "tags": [
          "CatalogLifecycle",
        ],
      },
    },
    "/api/v1/catalog/categories/{categoryId}": {
      "delete": {
        "operationId": "CatalogLifecycleController_deleteCategory",
        "parameters": [
          {
            "in": "path",
            "name": "categoryId",
            "required": true,
            "schema": {
              "type": "string",
            },
          },
        ],
        "responses": {
          "200": {
            "description": "",
          },
        },
        "tags": [
          "CatalogLifecycle",
        ],
      },
    },
    "/api/v1/catalog/categories/{categoryId}/status": {
      "patch": {
        "operationId": "CatalogLifecycleController_changeCategoryStatus",
        "parameters": [
          {
            "in": "path",
            "name": "categoryId",
            "required": true,
            "schema": {
              "type": "string",
            },
          },
        ],
        "responses": {
          "200": {
            "description": "",
          },
        },
        "tags": [
          "CatalogLifecycle",
        ],
      },
    },
    "/api/v1/catalog/items": {
      "get": {
        "operationId": "CatalogReadController_read",
        "parameters": [
          {
            "in": "query",
            "name": "mode",
            "required": false,
            "schema": {
              "type": "string",
            },
          },
          {
            "in": "query",
            "name": "branchId",
            "required": false,
            "schema": {
              "type": "string",
            },
          },
        ],
        "responses": {
          "200": {
            "description": "",
          },
        },
        "tags": [
          "CatalogRead",
        ],
      },
      "post": {
        "operationId": "CatalogItemManagementController_create",
        "parameters": [],
        "responses": {
          "201": {
            "description": "",
          },
        },
        "tags": [
          "CatalogItemManagement",
        ],
      },
    },
    "/api/v1/catalog/items/manage": {
      "get": {
        "operationId": "CatalogReadController_readManagedItems",
        "parameters": [],
        "responses": {
          "200": {
            "description": "",
          },
        },
        "tags": [
          "CatalogRead",
        ],
      },
    },
    "/api/v1/catalog/items/similar": {
      "get": {
        "operationId": "CatalogItemManagementController_similar",
        "parameters": [
          {
            "in": "query",
            "name": "name",
            "required": true,
            "schema": {
              "type": "string",
            },
          },
        ],
        "responses": {
          "200": {
            "description": "",
          },
        },
        "tags": [
          "CatalogItemManagement",
        ],
      },
    },
    "/api/v1/catalog/items/{id}": {
      "patch": {
        "operationId": "CatalogItemManagementController_edit",
        "parameters": [
          {
            "in": "path",
            "name": "id",
            "required": true,
            "schema": {
              "type": "string",
            },
          },
        ],
        "responses": {
          "200": {
            "description": "",
          },
        },
        "tags": [
          "CatalogItemManagement",
        ],
      },
    },
    "/api/v1/catalog/items/{id}/price": {
      "patch": {
        "operationId": "CatalogItemManagementController_price",
        "parameters": [
          {
            "in": "path",
            "name": "id",
            "required": true,
            "schema": {
              "type": "string",
            },
          },
        ],
        "responses": {
          "200": {
            "description": "",
          },
        },
        "tags": [
          "CatalogItemManagement",
        ],
      },
    },
    "/api/v1/catalog/items/{itemId}": {
      "delete": {
        "operationId": "CatalogLifecycleController_deleteItem",
        "parameters": [
          {
            "in": "path",
            "name": "itemId",
            "required": true,
            "schema": {
              "type": "string",
            },
          },
        ],
        "responses": {
          "200": {
            "description": "",
          },
        },
        "tags": [
          "CatalogLifecycle",
        ],
      },
    },
    "/api/v1/catalog/items/{itemId}/status": {
      "patch": {
        "operationId": "CatalogLifecycleController_changeItemStatus",
        "parameters": [
          {
            "in": "path",
            "name": "itemId",
            "required": true,
            "schema": {
              "type": "string",
            },
          },
        ],
        "responses": {
          "200": {
            "description": "",
          },
        },
        "tags": [
          "CatalogLifecycle",
        ],
      },
    },
    "/api/v1/catalog/items/{itemId}/structure": {
      "patch": {
        "operationId": "CatalogLifecycleController_changeItemStructure",
        "parameters": [
          {
            "in": "path",
            "name": "itemId",
            "required": true,
            "schema": {
              "type": "string",
            },
          },
        ],
        "responses": {
          "200": {
            "description": "",
          },
        },
        "tags": [
          "CatalogLifecycle",
        ],
      },
    },
    "/api/v1/customers": {
      "get": {
        "operationId": "CustomersController_list",
        "parameters": [
          {
            "in": "query",
            "name": "status",
            "required": false,
            "schema": {
              "enum": [
                "ACTIVE",
                "INACTIVE",
              ],
              "type": "string",
            },
          },
          {
            "in": "query",
            "name": "search",
            "required": false,
            "schema": {
              "type": "string",
            },
          },
          {
            "in": "query",
            "name": "limit",
            "required": false,
            "schema": {
              "type": "number",
            },
          },
          {
            "in": "query",
            "name": "cursor",
            "required": false,
            "schema": {
              "type": "string",
            },
          },
        ],
        "responses": {
          "200": {
            "description": "",
          },
        },
        "tags": [
          "Customers",
        ],
      },
      "post": {
        "operationId": "CustomersController_create",
        "parameters": [],
        "responses": {
          "201": {
            "description": "",
          },
        },
        "tags": [
          "Customers",
        ],
      },
    },
    "/api/v1/customers/{customerId}": {
      "delete": {
        "operationId": "CustomersController_deletePhysically",
        "parameters": [
          {
            "in": "path",
            "name": "customerId",
            "required": true,
            "schema": {
              "type": "string",
            },
          },
        ],
        "responses": {
          "200": {
            "description": "",
          },
        },
        "tags": [
          "Customers",
        ],
      },
      "get": {
        "operationId": "CustomersController_findById",
        "parameters": [
          {
            "in": "path",
            "name": "customerId",
            "required": true,
            "schema": {
              "type": "string",
            },
          },
        ],
        "responses": {
          "200": {
            "description": "",
          },
        },
        "tags": [
          "Customers",
        ],
      },
      "patch": {
        "operationId": "CustomersController_update",
        "parameters": [
          {
            "in": "path",
            "name": "customerId",
            "required": true,
            "schema": {
              "type": "string",
            },
          },
        ],
        "responses": {
          "200": {
            "description": "",
          },
        },
        "tags": [
          "Customers",
        ],
      },
    },
    "/api/v1/customers/{customerId}/status": {
      "patch": {
        "operationId": "CustomersController_changeStatus",
        "parameters": [
          {
            "in": "path",
            "name": "customerId",
            "required": true,
            "schema": {
              "type": "string",
            },
          },
        ],
        "responses": {
          "200": {
            "description": "",
          },
        },
        "tags": [
          "Customers",
        ],
      },
    },
    "/api/v1/expense-categories": {
      "get": {
        "operationId": "ExpenseCategoriesController_list",
        "parameters": [],
        "responses": {
          "200": {
            "description": "",
          },
        },
        "tags": [
          "ExpenseCategories",
        ],
      },
      "post": {
        "operationId": "ExpenseCategoriesController_create",
        "parameters": [],
        "responses": {
          "201": {
            "description": "",
          },
        },
        "tags": [
          "ExpenseCategories",
        ],
      },
    },
    "/api/v1/expense-categories/active": {
      "get": {
        "operationId": "ExpenseCategoriesController_listActive",
        "parameters": [],
        "responses": {
          "200": {
            "description": "",
          },
        },
        "tags": [
          "ExpenseCategories",
        ],
      },
    },
    "/api/v1/expense-categories/{id}": {
      "delete": {
        "operationId": "ExpenseCategoriesController_remove",
        "parameters": [
          {
            "in": "path",
            "name": "id",
            "required": true,
            "schema": {
              "type": "string",
            },
          },
        ],
        "responses": {
          "200": {
            "description": "",
          },
        },
        "tags": [
          "ExpenseCategories",
        ],
      },
    },
    "/api/v1/expense-categories/{id}/status": {
      "patch": {
        "operationId": "ExpenseCategoriesController_changeStatus",
        "parameters": [
          {
            "in": "path",
            "name": "id",
            "required": true,
            "schema": {
              "type": "string",
            },
          },
        ],
        "responses": {
          "200": {
            "description": "",
          },
        },
        "tags": [
          "ExpenseCategories",
        ],
      },
    },
    "/api/v1/health/live": {
      "get": {
        "operationId": "AppController_getLiveness",
        "parameters": [],
        "responses": {
          "200": {
            "description": "",
          },
        },
        "tags": [
          "App",
        ],
      },
    },
    "/api/v1/health/ready": {
      "get": {
        "operationId": "AppController_getReadiness",
        "parameters": [],
        "responses": {
          "200": {
            "description": "",
          },
        },
        "tags": [
          "App",
        ],
      },
    },
    "/api/v1/metrics": {
      "get": {
        "operationId": "AppController_getMetrics",
        "parameters": [],
        "responses": {
          "200": {
            "description": "",
          },
        },
        "tags": [
          "App",
        ],
      },
    },
    "/api/v1/organizations": {
      "get": {
        "operationId": "OrganizationsController_list",
        "parameters": [],
        "responses": {
          "200": {
            "description": "",
          },
        },
        "tags": [
          "Organizations",
        ],
      },
    },
    "/api/v1/organizations/currency": {
      "patch": {
        "operationId": "OrganizationsController_updateCurrency",
        "parameters": [],
        "responses": {
          "200": {
            "description": "",
          },
        },
        "tags": [
          "Organizations",
        ],
      },
    },
    "/api/v1/organizations/payment-methods": {
      "get": {
        "operationId": "OrganizationsController_listPaymentMethods",
        "parameters": [],
        "responses": {
          "200": {
            "description": "",
          },
        },
        "tags": [
          "Organizations",
        ],
      },
    },
    "/api/v1/organizations/payment-methods/{method}": {
      "patch": {
        "operationId": "OrganizationsController_updatePaymentMethod",
        "parameters": [
          {
            "in": "path",
            "name": "method",
            "required": true,
            "schema": {
              "type": "string",
            },
          },
        ],
        "responses": {
          "200": {
            "description": "",
          },
        },
        "tags": [
          "Organizations",
        ],
      },
    },
    "/api/v1/organizations/profile": {
      "patch": {
        "operationId": "OrganizationsController_updateProfile",
        "parameters": [],
        "responses": {
          "200": {
            "description": "",
          },
        },
        "tags": [
          "Organizations",
        ],
      },
    },
    "/api/v1/organizations/settings": {
      "get": {
        "operationId": "OrganizationsController_getSettings",
        "parameters": [],
        "responses": {
          "200": {
            "description": "",
          },
        },
        "tags": [
          "Organizations",
        ],
      },
    },
    "/api/v1/organizations/timezone": {
      "patch": {
        "operationId": "OrganizationsController_updateTimezone",
        "parameters": [],
        "responses": {
          "200": {
            "description": "",
          },
        },
        "tags": [
          "Organizations",
        ],
      },
    },
    "/api/v1/organizations/{organizationId}/select": {
      "post": {
        "operationId": "OrganizationsController_select",
        "parameters": [
          {
            "in": "path",
            "name": "organizationId",
            "required": true,
            "schema": {
              "type": "string",
            },
          },
        ],
        "responses": {
          "201": {
            "description": "",
          },
        },
        "tags": [
          "Organizations",
        ],
      },
    },
    "/api/v1/platform/organizations": {
      "post": {
        "operationId": "PlatformAdminController_provision",
        "parameters": [],
        "responses": {
          "201": {
            "description": "",
          },
        },
        "tags": [
          "PlatformAdmin",
        ],
      },
    },
    "/api/v1/platform/organizations/{organizationId}/recover-owner": {
      "post": {
        "operationId": "PlatformAdminController_recoverOwner",
        "parameters": [
          {
            "in": "path",
            "name": "organizationId",
            "required": true,
            "schema": {
              "type": "string",
            },
          },
        ],
        "responses": {
          "201": {
            "description": "",
          },
        },
        "tags": [
          "PlatformAdmin",
        ],
      },
    },
    "/api/v1/suppliers": {
      "get": {
        "operationId": "SuppliersController_list",
        "parameters": [
          {
            "in": "query",
            "name": "status",
            "required": false,
            "schema": {
              "enum": [
                "ACTIVE",
                "INACTIVE",
              ],
              "type": "string",
            },
          },
          {
            "in": "query",
            "name": "search",
            "required": false,
            "schema": {
              "type": "string",
            },
          },
          {
            "in": "query",
            "name": "limit",
            "required": false,
            "schema": {
              "type": "number",
            },
          },
          {
            "in": "query",
            "name": "cursor",
            "required": false,
            "schema": {
              "type": "string",
            },
          },
        ],
        "responses": {
          "200": {
            "description": "",
          },
        },
        "tags": [
          "Suppliers",
        ],
      },
      "post": {
        "operationId": "SuppliersController_create",
        "parameters": [],
        "responses": {
          "201": {
            "description": "",
          },
        },
        "tags": [
          "Suppliers",
        ],
      },
    },
    "/api/v1/suppliers/reception/{branchId}": {
      "get": {
        "operationId": "SuppliersController_listForReception",
        "parameters": [
          {
            "in": "path",
            "name": "branchId",
            "required": true,
            "schema": {
              "type": "string",
            },
          },
          {
            "in": "query",
            "name": "search",
            "required": false,
            "schema": {
              "type": "string",
            },
          },
          {
            "in": "query",
            "name": "limit",
            "required": false,
            "schema": {
              "type": "number",
            },
          },
          {
            "in": "query",
            "name": "cursor",
            "required": false,
            "schema": {
              "type": "string",
            },
          },
        ],
        "responses": {
          "200": {
            "description": "",
          },
        },
        "tags": [
          "Suppliers",
        ],
      },
    },
    "/api/v1/suppliers/reception/{branchId}/{supplierId}": {
      "get": {
        "operationId": "SuppliersController_findForReception",
        "parameters": [
          {
            "in": "path",
            "name": "branchId",
            "required": true,
            "schema": {
              "type": "string",
            },
          },
          {
            "in": "path",
            "name": "supplierId",
            "required": true,
            "schema": {
              "type": "string",
            },
          },
        ],
        "responses": {
          "200": {
            "description": "",
          },
        },
        "tags": [
          "Suppliers",
        ],
      },
    },
    "/api/v1/suppliers/{supplierId}": {
      "delete": {
        "operationId": "SuppliersController_deletePhysically",
        "parameters": [
          {
            "in": "path",
            "name": "supplierId",
            "required": true,
            "schema": {
              "type": "string",
            },
          },
        ],
        "responses": {
          "200": {
            "description": "",
          },
        },
        "tags": [
          "Suppliers",
        ],
      },
      "get": {
        "operationId": "SuppliersController_findById",
        "parameters": [
          {
            "in": "path",
            "name": "supplierId",
            "required": true,
            "schema": {
              "type": "string",
            },
          },
        ],
        "responses": {
          "200": {
            "description": "",
          },
        },
        "tags": [
          "Suppliers",
        ],
      },
      "patch": {
        "operationId": "SuppliersController_update",
        "parameters": [
          {
            "in": "path",
            "name": "supplierId",
            "required": true,
            "schema": {
              "type": "string",
            },
          },
        ],
        "responses": {
          "200": {
            "description": "",
          },
        },
        "tags": [
          "Suppliers",
        ],
      },
    },
    "/api/v1/suppliers/{supplierId}/status": {
      "patch": {
        "operationId": "SuppliersController_changeStatus",
        "parameters": [
          {
            "in": "path",
            "name": "supplierId",
            "required": true,
            "schema": {
              "type": "string",
            },
          },
        ],
        "responses": {
          "200": {
            "description": "",
          },
        },
        "tags": [
          "Suppliers",
        ],
      },
    },
    "/api/v1/users/invitations": {
      "post": {
        "operationId": "UsersController_invite",
        "parameters": [],
        "responses": {
          "201": {
            "description": "",
          },
        },
        "tags": [
          "Users",
        ],
      },
    },
    "/api/v1/users/invitations/{id}": {
      "delete": {
        "operationId": "UsersController_revokeInvitation",
        "parameters": [
          {
            "in": "path",
            "name": "id",
            "required": true,
            "schema": {
              "type": "string",
            },
          },
        ],
        "responses": {
          "200": {
            "description": "",
          },
        },
        "tags": [
          "Users",
        ],
      },
    },
    "/api/v1/users/invitations/{id}/resend": {
      "post": {
        "operationId": "UsersController_resendInvitation",
        "parameters": [
          {
            "in": "path",
            "name": "id",
            "required": true,
            "schema": {
              "type": "string",
            },
          },
        ],
        "responses": {
          "201": {
            "description": "",
          },
        },
        "tags": [
          "Users",
        ],
      },
    },
    "/api/v1/users/management": {
      "get": {
        "operationId": "UsersController_read",
        "parameters": [],
        "responses": {
          "200": {
            "description": "",
          },
        },
        "tags": [
          "Users",
        ],
      },
    },
    "/api/v1/users/memberships/{id}": {
      "delete": {
        "operationId": "UsersController_revokeMembership",
        "parameters": [
          {
            "in": "path",
            "name": "id",
            "required": true,
            "schema": {
              "type": "string",
            },
          },
        ],
        "responses": {
          "200": {
            "description": "",
          },
        },
        "tags": [
          "Users",
        ],
      },
    },
    "/api/v1/users/memberships/{id}/role": {
      "patch": {
        "operationId": "UsersController_changeRole",
        "parameters": [
          {
            "in": "path",
            "name": "id",
            "required": true,
            "schema": {
              "type": "string",
            },
          },
        ],
        "responses": {
          "200": {
            "description": "",
          },
        },
        "tags": [
          "Users",
        ],
      },
    },
    "/api/v1/users/memberships/{id}/status": {
      "patch": {
        "operationId": "UsersController_changeStatus",
        "parameters": [
          {
            "in": "path",
            "name": "id",
            "required": true,
            "schema": {
              "type": "string",
            },
          },
        ],
        "responses": {
          "200": {
            "description": "",
          },
        },
        "tags": [
          "Users",
        ],
      },
    },
  },
  "servers": [],
  "tags": [],
}
`;
